Archive member included to satisfy reference by file (symbol)

/usr/local/Cellar/gcc-arm-none-eabi/20200630/bin/../lib/gcc/arm-none-eabi/9.3.1/../../../../arm-none-eabi/lib/thumb/v7e-m+fp/hard/libc_nano.a(lib_a-exit.o)
                              /usr/local/Cellar/gcc-arm-none-eabi/20200630/bin/../lib/gcc/arm-none-eabi/9.3.1/../../../../arm-none-eabi/lib/thumb/v7e-m+fp/hard/crt0.o (exit)
/usr/local/Cellar/gcc-arm-none-eabi/20200630/bin/../lib/gcc/arm-none-eabi/9.3.1/../../../../arm-none-eabi/lib/thumb/v7e-m+fp/hard/libc_nano.a(lib_a-impure.o)
                              /usr/local/Cellar/gcc-arm-none-eabi/20200630/bin/../lib/gcc/arm-none-eabi/9.3.1/../../../../arm-none-eabi/lib/thumb/v7e-m+fp/hard/libc_nano.a(lib_a-exit.o) (_global_impure_ptr)
/usr/local/Cellar/gcc-arm-none-eabi/20200630/bin/../lib/gcc/arm-none-eabi/9.3.1/../../../../arm-none-eabi/lib/thumb/v7e-m+fp/hard/libc_nano.a(lib_a-init.o)
                              /usr/local/Cellar/gcc-arm-none-eabi/20200630/bin/../lib/gcc/arm-none-eabi/9.3.1/../../../../arm-none-eabi/lib/thumb/v7e-m+fp/hard/crt0.o (__libc_init_array)
/usr/local/Cellar/gcc-arm-none-eabi/20200630/bin/../lib/gcc/arm-none-eabi/9.3.1/../../../../arm-none-eabi/lib/thumb/v7e-m+fp/hard/libc_nano.a(lib_a-memcpy-stub.o)
                              build/queue.o (memcpy)
/usr/local/Cellar/gcc-arm-none-eabi/20200630/bin/../lib/gcc/arm-none-eabi/9.3.1/../../../../arm-none-eabi/lib/thumb/v7e-m+fp/hard/libc_nano.a(lib_a-memset.o)
                              /usr/local/Cellar/gcc-arm-none-eabi/20200630/bin/../lib/gcc/arm-none-eabi/9.3.1/../../../../arm-none-eabi/lib/thumb/v7e-m+fp/hard/crt0.o (memset)
/usr/local/Cellar/gcc-arm-none-eabi/20200630/bin/../lib/gcc/arm-none-eabi/9.3.1/../../../../arm-none-eabi/lib/thumb/v7e-m+fp/hard/libc_nano.a(lib_a-sprintf.o)
                              build/main.o (sprintf)
/usr/local/Cellar/gcc-arm-none-eabi/20200630/bin/../lib/gcc/arm-none-eabi/9.3.1/../../../../arm-none-eabi/lib/thumb/v7e-m+fp/hard/libc_nano.a(lib_a-strlen.o)
                              build/main.o (strlen)
/usr/local/Cellar/gcc-arm-none-eabi/20200630/bin/../lib/gcc/arm-none-eabi/9.3.1/../../../../arm-none-eabi/lib/thumb/v7e-m+fp/hard/libc_nano.a(lib_a-nano-svfprintf.o)
                              /usr/local/Cellar/gcc-arm-none-eabi/20200630/bin/../lib/gcc/arm-none-eabi/9.3.1/../../../../arm-none-eabi/lib/thumb/v7e-m+fp/hard/libc_nano.a(lib_a-sprintf.o) (_svfprintf_r)
/usr/local/Cellar/gcc-arm-none-eabi/20200630/bin/../lib/gcc/arm-none-eabi/9.3.1/../../../../arm-none-eabi/lib/thumb/v7e-m+fp/hard/libc_nano.a(lib_a-nano-vfprintf_i.o)
                              /usr/local/Cellar/gcc-arm-none-eabi/20200630/bin/../lib/gcc/arm-none-eabi/9.3.1/../../../../arm-none-eabi/lib/thumb/v7e-m+fp/hard/libc_nano.a(lib_a-nano-svfprintf.o) (_printf_i)
/usr/local/Cellar/gcc-arm-none-eabi/20200630/bin/../lib/gcc/arm-none-eabi/9.3.1/../../../../arm-none-eabi/lib/thumb/v7e-m+fp/hard/libc_nano.a(lib_a-memchr.o)
                              /usr/local/Cellar/gcc-arm-none-eabi/20200630/bin/../lib/gcc/arm-none-eabi/9.3.1/../../../../arm-none-eabi/lib/thumb/v7e-m+fp/hard/libc_nano.a(lib_a-nano-svfprintf.o) (memchr)
/usr/local/Cellar/gcc-arm-none-eabi/20200630/bin/../lib/gcc/arm-none-eabi/9.3.1/../../../../arm-none-eabi/lib/thumb/v7e-m+fp/hard/libc_nano.a(lib_a-memmove.o)
                              /usr/local/Cellar/gcc-arm-none-eabi/20200630/bin/../lib/gcc/arm-none-eabi/9.3.1/../../../../arm-none-eabi/lib/thumb/v7e-m+fp/hard/libc_nano.a(lib_a-nano-svfprintf.o) (memmove)
/usr/local/Cellar/gcc-arm-none-eabi/20200630/bin/../lib/gcc/arm-none-eabi/9.3.1/../../../../arm-none-eabi/lib/thumb/v7e-m+fp/hard/libc_nano.a(lib_a-nano-freer.o)
                              /usr/local/Cellar/gcc-arm-none-eabi/20200630/bin/../lib/gcc/arm-none-eabi/9.3.1/../../../../arm-none-eabi/lib/thumb/v7e-m+fp/hard/libc_nano.a(lib_a-nano-svfprintf.o) (_free_r)
/usr/local/Cellar/gcc-arm-none-eabi/20200630/bin/../lib/gcc/arm-none-eabi/9.3.1/../../../../arm-none-eabi/lib/thumb/v7e-m+fp/hard/libc_nano.a(lib_a-nano-mallocr.o)
                              /usr/local/Cellar/gcc-arm-none-eabi/20200630/bin/../lib/gcc/arm-none-eabi/9.3.1/../../../../arm-none-eabi/lib/thumb/v7e-m+fp/hard/libc_nano.a(lib_a-nano-svfprintf.o) (_malloc_r)
/usr/local/Cellar/gcc-arm-none-eabi/20200630/bin/../lib/gcc/arm-none-eabi/9.3.1/../../../../arm-none-eabi/lib/thumb/v7e-m+fp/hard/libc_nano.a(lib_a-nano-reallocr.o)
                              /usr/local/Cellar/gcc-arm-none-eabi/20200630/bin/../lib/gcc/arm-none-eabi/9.3.1/../../../../arm-none-eabi/lib/thumb/v7e-m+fp/hard/libc_nano.a(lib_a-nano-svfprintf.o) (_realloc_r)
/usr/local/Cellar/gcc-arm-none-eabi/20200630/bin/../lib/gcc/arm-none-eabi/9.3.1/../../../../arm-none-eabi/lib/thumb/v7e-m+fp/hard/libc_nano.a(lib_a-sbrkr.o)
[...]
Memory Configuration

Name             Origin             Length             Attributes
RAM              0x0000000020000000 0x0000000000020000 xrw
CCMRAM           0x0000000010000000 0x0000000000010000 xrw
FLASH            0x0000000008000000 0x0000000000100000 xr
*default*        0x0000000000000000 0xffffffffffffffff

Linker script and memory map

LOAD /usr/local/Cellar/gcc-arm-none-eabi/20200630/bin/../lib/gcc/arm-none-eabi/9.3.1/thumb/v7e-m+fp/hard/crti.o
LOAD /usr/local/Cellar/gcc-arm-none-eabi/20200630/bin/../lib/gcc/arm-none-eabi/9.3.1/thumb/v7e-m+fp/hard/crtbegin.o
LOAD /usr/local/Cellar/gcc-arm-none-eabi/20200630/bin/../lib/gcc/arm-none-eabi/9.3.1/../../../../arm-none-eabi/lib/thumb/v7e-m+fp/hard/crt0.o
LOAD build/main.o
LOAD build/freertos.o
LOAD build/stm32f4xx_it.o
LOAD build/stm32f4xx_hal_msp.o
LOAD build/stm32f4xx_hal_adc.o
LOAD build/stm32f4xx_hal_adc_ex.o
LOAD build/stm32f4xx_ll_adc.o
LOAD build/stm32f4xx_hal_rcc.o
LOAD build/stm32f4xx_hal_rcc_ex.o
LOAD build/stm32f4xx_hal_flash.o
LOAD build/stm32f4xx_hal_flash_ex.o
LOAD build/stm32f4xx_hal_flash_ramfunc.o
LOAD build/stm32f4xx_hal_gpio.o
LOAD build/stm32f4xx_hal_dma_ex.o
LOAD build/stm32f4xx_hal_dma.o
LOAD build/stm32f4xx_hal_pwr.o
LOAD build/stm32f4xx_hal_pwr_ex.o
LOAD build/stm32f4xx_hal_cortex.o
LOAD build/stm32f4xx_hal.o
LOAD build/stm32f4xx_hal_exti.o
LOAD build/stm32f4xx_hal_i2c.o
LOAD build/stm32f4xx_hal_i2c_ex.o
LOAD build/stm32f4xx_hal_i2s.o
LOAD build/stm32f4xx_hal_i2s_ex.o
LOAD build/stm32f4xx_hal_iwdg.o
LOAD build/stm32f4xx_hal_rtc.o
LOAD build/stm32f4xx_hal_rtc_ex.o
LOAD build/stm32f4xx_hal_spi.o
LOAD build/stm32f4xx_hal_tim.o
LOAD build/stm32f4xx_hal_tim_ex.o
LOAD build/stm32f4xx_hal_uart.o
LOAD build/stm32f4_discovery.o
LOAD build/stm32f4_discovery_accelerometer.o
LOAD build/cs43l22.o
LOAD build/lis302dl.o
LOAD build/lis3dsh.o
LOAD build/arm_rms_q15.o
LOAD build/arm_sqrt_q15.o
LOAD build/system_stm32f4xx.o
LOAD build/croutine.o
LOAD build/event_groups.o
LOAD build/list.o
LOAD build/queue.o
LOAD build/stream_buffer.o
LOAD build/tasks.o
LOAD build/timers.o
LOAD build/cmsis_os2.o
LOAD build/heap_4.o
LOAD build/port.o
LOAD build/startup_stm32f407xx.o
LOAD /usr/local/Cellar/gcc-arm-none-eabi/20200630/bin/../lib/gcc/arm-none-eabi/9.3.1/../../../../arm-none-eabi/lib/thumb/v7e-m+fp/hard/libc_nano.a
LOAD /usr/local/Cellar/gcc-arm-none-eabi/20200630/bin/../lib/gcc/arm-none-eabi/9.3.1/../../../../arm-none-eabi/lib/thumb/v7e-m+fp/hard/libm.a
LOAD /usr/local/Cellar/gcc-arm-none-eabi/20200630/bin/../lib/gcc/arm-none-eabi/9.3.1/../../../../arm-none-eabi/lib/thumb/v7e-m+fp/hard/libnosys.a
START GROUP
LOAD /usr/local/Cellar/gcc-arm-none-eabi/20200630/bin/../lib/gcc/arm-none-eabi/9.3.1/thumb/v7e-m+fp/hard/libgcc.a
LOAD /usr/local/Cellar/gcc-arm-none-eabi/20200630/bin/../lib/gcc/arm-none-eabi/9.3.1/../../../../arm-none-eabi/lib/thumb/v7e-m+fp/hard/libc_nano.a
END GROUP
START GROUP
LOAD /usr/local/Cellar/gcc-arm-none-eabi/20200630/bin/../lib/gcc/arm-none-eabi/9.3.1/thumb/v7e-m+fp/hard/libgcc.a
LOAD /usr/local/Cellar/gcc-arm-none-eabi/20200630/bin/../lib/gcc/arm-none-eabi/9.3.1/../../../../arm-none-eabi/lib/thumb/v7e-m+fp/hard/libc_nano.a
END GROUP
LOAD /usr/local/Cellar/gcc-arm-none-eabi/20200630/bin/../lib/gcc/arm-none-eabi/9.3.1/thumb/v7e-m+fp/hard/crtend.o
LOAD /usr/local/Cellar/gcc-arm-none-eabi/20200630/bin/../lib/gcc/arm-none-eabi/9.3.1/thumb/v7e-m+fp/hard/crtn.o
                0x0000000020020000                _estack = 0x20020000
                0x0000000000000200                _Min_Heap_Size = 0x200
                0x0000000000000400                _Min_Stack_Size = 0x400

.isr_vector     0x0000000008000000      0x188
                0x0000000008000000                . = ALIGN (0x4)
 *(.isr_vector)
 .isr_vector    0x0000000008000000      0x188 build/startup_stm32f407xx.o
                0x0000000008000000                g_pfnVectors
                0x0000000008000188                . = ALIGN (0x4)

.text           0x0000000008000190     0x77c0
                0x0000000008000190                . = ALIGN (0x4)
 *(.text)
 .text          0x0000000008000190       0x40 /usr/local/Cellar/gcc-arm-none-eabi/20200630/bin/../lib/gcc/arm-none-eabi/9.3.1/thumb/v7e-m+fp/hard/crtbegin.o
 .text          0x00000000080001d0       0x10 /usr/local/Cellar/gcc-arm-none-eabi/20200630/bin/../lib/gcc/arm-none-eabi/9.3.1/../../../../arm-none-eabi/lib/thumb/v7e-m+fp/hard/libc_nano.a(lib_a-strlen.o)
                0x00000000080001d0                strlen
 .text          0x00000000080001e0       0xa0 /usr/local/Cellar/gcc-arm-none-eabi/20200630/bin/../lib/gcc/arm-none-eabi/9.3.1/../../../../arm-none-eabi/lib/thumb/v7e-m+fp/hard/libc_nano.a(lib_a-memchr.o)
                0x00000000080001e0                memchr
 .text          0x0000000008000280       0xa0 /usr/local/Cellar/gcc-arm-none-eabi/20200630/bin/../lib/gcc/arm-none-eabi/9.3.1/thumb/v7e-m+fp/hard/libgcc.a(_aeabi_ldivmod.o)
                0x0000000008000280                __aeabi_ldivmod
 .text          0x0000000008000320       0x30 /usr/local/Cellar/gcc-arm-none-eabi/20200630/bin/../lib/gcc/arm-none-eabi/9.3.1/thumb/v7e-m+fp/hard/libgcc.a(_aeabi_uldivmod.o)
                0x0000000008000320                __aeabi_uldivmod
 .text          0x0000000008000350      0x2c4 /usr/local/Cellar/gcc-arm-none-eabi/20200630/bin/../lib/gcc/arm-none-eabi/9.3.1/thumb/v7e-m+fp/hard/libgcc.a(_udivmoddi4.o)
                0x0000000008000350                __udivmoddi4
 .text          0x0000000008000614        0x4 /usr/local/Cellar/gcc-arm-none-eabi/20200630/bin/../lib/gcc/arm-none-eabi/9.3.1/thumb/v7e-m+fp/hard/libgcc.a(_dvmd_tls.o)
                0x0000000008000614                __aeabi_ldiv0
                0x0000000008000614                __aeabi_idiv0
 *(.text*)
 .text.PayloadTask
                0x0000000008000618        0x2 build/main.o
                0x0000000008000618                PayloadTask
 *fill*         0x000000000800061a        0x2 
 .text.MX_GPIO_Init
                0x000000000800061c      0x1e4 build/main.o
 .text.IwdgTask
                0x0000000008000800       0x90 build/main.o
                0x0000000008000800                IwdgTask
 .text.RealTimeClockTask
                0x0000000008000890       0x58 build/main.o
                0x0000000008000890                RealTimeClockTask
 .text.StartCreateTask
                0x00000000080008e8      0x110 build/main.o
                0x00000000080008e8                StartCreateTask
 .text.HAL_UART_RxCpltCallback
                0x00000000080009f8       0x88 build/main.o
                0x00000000080009f8                HAL_UART_RxCpltCallback
 .text.HAL_GPIO_EXTI_Callback
                0x0000000008000a80       0x3c build/main.o
                0x0000000008000a80                HAL_GPIO_EXTI_Callback
 .text.UARTRx_IT
                0x0000000008000abc       0x18 build/main.o
                0x0000000008000abc                UARTRx_IT
 .text.LoRa_Set
                0x0000000008000ad4       0x84 build/main.o
                0x0000000008000ad4                LoRa_Set
 .text.Uplink_Ground
                0x0000000008000b58      0x178 build/main.o
                0x0000000008000b58                Uplink_Ground
 .text.LaunchTestTask
                0x0000000008000cd0       0x40 build/main.o
                0x0000000008000cd0                LaunchTestTask
 .text.Accelero_funct
                0x0000000008000d10       0x58 build/main.o
                0x0000000008000d10                Accelero_funct
 .text.Accelero_RMS_q
                0x0000000008000d68       0x54 build/main.o
                0x0000000008000d68                Accelero_RMS_q
 .text.AcceleroTask
                0x0000000008000dbc       0x30 build/main.o
                0x0000000008000dbc                AcceleroTask
 .text.Flash_Write
                0x0000000008000dec       0x2e build/main.o
                0x0000000008000dec                Flash_Write
 *fill*         0x0000000008000e1a        0x2 
 .text.ReferanceTask
                0x0000000008000e1c       0xc4 build/main.o
                0x0000000008000e1c                ReferanceTask
 .text.Flash_Read
                0x0000000008000ee0        0x4 build/main.o
                0x0000000008000ee0                Flash_Read
 .text.Mode_take
                0x0000000008000ee4       0x20 build/main.o
                0x0000000008000ee4                Mode_take
 .text.IWDGReset_Init
                0x0000000008000f04       0x24 build/main.o
                0x0000000008000f04                IWDGReset_Init
 .text.beacon_data_f
                0x0000000008000f28       0x94 build/main.o
                0x0000000008000f28                beacon_data_f
 .text.TransmitTask
                0x0000000008000fbc       0x30 build/main.o
                0x0000000008000fbc                TransmitTask
 .text.Error_Handler
                0x0000000008000fec        0x4 build/main.o
                0x0000000008000fec                Error_Handler
 .text.MX_ADC1_Init
                0x0000000008000ff0       0x6c build/main.o
 .text.MX_ADC2_Init
                0x000000000800105c       0x6c build/main.o
 .text.MX_I2C1_Init
                0x00000000080010c8       0x38 build/main.o
 .text.MX_I2S3_Init
                0x0000000008001100       0x38 build/main.o
 .text.MX_RTC_Init
                0x0000000008001138       0x84 build/main.o
 .text.MX_SPI1_Init
                0x00000000080011bc       0x40 build/main.o
 .text.MX_TIM1_Init
                0x00000000080011fc       0x68 build/main.o
 .text.MX_USART2_UART_Init
                0x0000000008001264       0x34 build/main.o
 .text.MX_USART3_UART_Init
                0x0000000008001298       0x34 build/main.o
 .text.SystemClock_Config
                0x00000000080012cc       0xd8 build/main.o
                0x00000000080012cc                SystemClock_Config
 .text.main     0x00000000080013a4       0x88 build/main.o
                0x00000000080013a4                main
 .text.NMI_Handler
                0x000000000800142c        0x2 build/stm32f4xx_it.o
                0x000000000800142c                NMI_Handler
 .text.HardFault_Handler
                0x000000000800142e        0x2 build/stm32f4xx_it.o
                0x000000000800142e                HardFault_Handler
 .text.MemManage_Handler
                0x0000000008001430        0x2 build/stm32f4xx_it.o
                0x0000000008001430                MemManage_Handler
 .text.BusFault_Handler
                0x0000000008001432        0x2 build/stm32f4xx_it.o
                0x0000000008001432                BusFault_Handler
 .text.UsageFault_Handler
                0x0000000008001434        0x2 build/stm32f4xx_it.o
                0x0000000008001434                UsageFault_Handler
 .text.DebugMon_Handler
                0x0000000008001436        0x2 build/stm32f4xx_it.o
                0x0000000008001436                DebugMon_Handler
 .text.SysTick_Handler
                0x0000000008001438       0x16 build/stm32f4xx_it.o
                0x0000000008001438                SysTick_Handler
 .text.EXTI9_5_IRQHandler
                0x000000000800144e        0xc build/stm32f4xx_it.o
                0x000000000800144e                EXTI9_5_IRQHandler
 *fill*         0x000000000800145a        0x2 
 .text.USART3_IRQHandler
                0x000000000800145c       0x10 build/stm32f4xx_it.o
                0x000000000800145c                USART3_IRQHandler
 .text.EXTI15_10_IRQHandler
                0x000000000800146c        0xc build/stm32f4xx_it.o
                0x000000000800146c                EXTI15_10_IRQHandler
 .text.HAL_MspInit
                0x0000000008001478       0x44 build/stm32f4xx_hal_msp.o
                0x0000000008001478                HAL_MspInit
 .text.HAL_ADC_MspInit
                0x00000000080014bc       0xb8 build/stm32f4xx_hal_msp.o
                0x00000000080014bc                HAL_ADC_MspInit
 .text.HAL_I2C_MspInit
                0x0000000008001574       0x74 build/stm32f4xx_hal_msp.o
                0x0000000008001574                HAL_I2C_MspInit
 .text.HAL_I2S_MspInit
                0x00000000080015e8       0x9c build/stm32f4xx_hal_msp.o
                0x00000000080015e8                HAL_I2S_MspInit
 .text.HAL_RTC_MspInit
                0x0000000008001684       0x1c build/stm32f4xx_hal_msp.o
                0x0000000008001684                HAL_RTC_MspInit
 .text.HAL_SPI_MspInit
                0x00000000080016a0       0x70 build/stm32f4xx_hal_msp.o
                0x00000000080016a0                HAL_SPI_MspInit
 .text.HAL_SPI_MspDeInit
                0x0000000008001710       0x2c build/stm32f4xx_hal_msp.o
                0x0000000008001710                HAL_SPI_MspDeInit
 .text.HAL_TIM_Base_MspInit
                0x000000000800173c       0x30 build/stm32f4xx_hal_msp.o
                0x000000000800173c                HAL_TIM_Base_MspInit
 .text.HAL_UART_MspInit
                0x000000000800176c       0xd8 build/stm32f4xx_hal_msp.o
                0x000000000800176c                HAL_UART_MspInit
 .text.ADC_Init
                0x0000000008001844      0x134 build/stm32f4xx_hal_adc.o
 .text.HAL_ADC_Init
                0x0000000008001978       0x56 build/stm32f4xx_hal_adc.o
                0x0000000008001978                HAL_ADC_Init
 *fill*         0x00000000080019ce        0x2 
 .text.HAL_ADC_ConfigChannel
                0x00000000080019d0      0x190 build/stm32f4xx_hal_adc.o
                0x00000000080019d0                HAL_ADC_ConfigChannel
 .text.HAL_RCC_OscConfig
                0x0000000008001b60      0x3f8 build/stm32f4xx_hal_rcc.o
                0x0000000008001b60                HAL_RCC_OscConfig
 .text.HAL_RCC_GetSysClockFreq
                0x0000000008001f58       0xcc build/stm32f4xx_hal_rcc.o
                0x0000000008001f58                HAL_RCC_GetSysClockFreq
 .text.HAL_RCC_ClockConfig
                0x0000000008002024      0x160 build/stm32f4xx_hal_rcc.o
                0x0000000008002024                HAL_RCC_ClockConfig
 .text.HAL_RCC_GetHCLKFreq
                0x0000000008002184        0xc build/stm32f4xx_hal_rcc.o
                0x0000000008002184                HAL_RCC_GetHCLKFreq
 .text.HAL_RCC_GetPCLK1Freq
                0x0000000008002190       0x20 build/stm32f4xx_hal_rcc.o
                0x0000000008002190                HAL_RCC_GetPCLK1Freq
 .text.HAL_RCC_GetPCLK2Freq
                0x00000000080021b0       0x20 build/stm32f4xx_hal_rcc.o
                0x00000000080021b0                HAL_RCC_GetPCLK2Freq
 .text.HAL_RCCEx_PeriphCLKConfig
                0x00000000080021d0      0x154 build/stm32f4xx_hal_rcc_ex.o
                0x00000000080021d0                HAL_RCCEx_PeriphCLKConfig
 .text.HAL_RCCEx_GetPeriphCLKFreq
                0x0000000008002324       0x74 build/stm32f4xx_hal_rcc_ex.o
                0x0000000008002324                HAL_RCCEx_GetPeriphCLKFreq
 .text.FLASH_Program_DoubleWord
                0x0000000008002398       0x30 build/stm32f4xx_hal_flash.o
 .text.FLASH_Program_Word
                0x00000000080023c8       0x24 build/stm32f4xx_hal_flash.o
 .text.FLASH_Program_HalfWord
                0x00000000080023ec       0x24 build/stm32f4xx_hal_flash.o
 .text.FLASH_Program_Byte
                0x0000000008002410       0x20 build/stm32f4xx_hal_flash.o
 .text.FLASH_SetErrorCode
                0x0000000008002430       0x8c build/stm32f4xx_hal_flash.o
 .text.HAL_FLASH_Unlock
                0x00000000080024bc       0x30 build/stm32f4xx_hal_flash.o
                0x00000000080024bc                HAL_FLASH_Unlock
 .text.HAL_FLASH_Lock
                0x00000000080024ec       0x14 build/stm32f4xx_hal_flash.o
                0x00000000080024ec                HAL_FLASH_Lock
 .text.FLASH_WaitForLastOperation
                0x0000000008002500       0x60 build/stm32f4xx_hal_flash.o
                0x0000000008002500                FLASH_WaitForLastOperation
 .text.HAL_FLASH_Program
                0x0000000008002560       0x7c build/stm32f4xx_hal_flash.o
                0x0000000008002560                HAL_FLASH_Program
 .text.FLASH_Erase_Sector
                0x00000000080025dc       0x58 build/stm32f4xx_hal_flash_ex.o
                0x00000000080025dc                FLASH_Erase_Sector
 .text.HAL_GPIO_Init
                0x0000000008002634      0x1d4 build/stm32f4xx_hal_gpio.o
                0x0000000008002634                HAL_GPIO_Init
 .text.HAL_GPIO_DeInit
                0x0000000008002808      0x134 build/stm32f4xx_hal_gpio.o
                0x0000000008002808                HAL_GPIO_DeInit
 .text.HAL_GPIO_WritePin
                0x000000000800293c        0xc build/stm32f4xx_hal_gpio.o
                0x000000000800293c                HAL_GPIO_WritePin
 .text.HAL_GPIO_EXTI_IRQHandler
                0x0000000008002948       0x1c build/stm32f4xx_hal_gpio.o
                0x0000000008002948                HAL_GPIO_EXTI_IRQHandler
 .text.HAL_DMA_Abort
                0x0000000008002964       0x94 build/stm32f4xx_hal_dma.o
                0x0000000008002964                HAL_DMA_Abort
 .text.HAL_DMA_Abort_IT
                0x00000000080029f8       0x26 build/stm32f4xx_hal_dma.o
                0x00000000080029f8                HAL_DMA_Abort_IT
 *fill*         0x0000000008002a1e        0x2 
 .text.HAL_NVIC_SetPriorityGrouping
                0x0000000008002a20       0x24 build/stm32f4xx_hal_cortex.o
                0x0000000008002a20                HAL_NVIC_SetPriorityGrouping
 .text.HAL_NVIC_SetPriority
                0x0000000008002a44       0x68 build/stm32f4xx_hal_cortex.o
                0x0000000008002a44                HAL_NVIC_SetPriority
 .text.HAL_NVIC_EnableIRQ
                0x0000000008002aac       0x1c build/stm32f4xx_hal_cortex.o
                0x0000000008002aac                HAL_NVIC_EnableIRQ
 .text.HAL_SYSTICK_Config
                0x0000000008002ac8       0x2c build/stm32f4xx_hal_cortex.o
                0x0000000008002ac8                HAL_SYSTICK_Config
 .text.HAL_InitTick
                0x0000000008002af4       0x4c build/stm32f4xx_hal.o
                0x0000000008002af4                HAL_InitTick
 .text.HAL_Init
                0x0000000008002b40       0x34 build/stm32f4xx_hal.o
                0x0000000008002b40                HAL_Init
 .text.HAL_IncTick
                0x0000000008002b74       0x18 build/stm32f4xx_hal.o
                0x0000000008002b74                HAL_IncTick
 .text.HAL_GetTick
                0x0000000008002b8c        0xc build/stm32f4xx_hal.o
                0x0000000008002b8c                HAL_GetTick
 .text.HAL_Delay
                0x0000000008002b98       0x28 build/stm32f4xx_hal.o
                0x0000000008002b98                HAL_Delay
 .text.HAL_I2C_Init
                0x0000000008002bc0      0x1bc build/stm32f4xx_hal_i2c.o
                0x0000000008002bc0                HAL_I2C_Init
 .text.HAL_I2S_Init
                0x0000000008002d7c      0x198 build/stm32f4xx_hal_i2s.o
                0x0000000008002d7c                HAL_I2S_Init
 .text.HAL_I2S_TxCpltCallback
                0x0000000008002f14        0x2 build/stm32f4xx_hal_i2s.o
                0x0000000008002f14                HAL_I2S_TxCpltCallback
 .text.I2S_Transmit_IT
                0x0000000008002f16       0x38 build/stm32f4xx_hal_i2s.o
 .text.HAL_I2S_RxCpltCallback
                0x0000000008002f4e        0x2 build/stm32f4xx_hal_i2s.o
                0x0000000008002f4e                HAL_I2S_RxCpltCallback
 .text.I2S_Receive_IT
                0x0000000008002f50       0x38 build/stm32f4xx_hal_i2s.o
 .text.HAL_I2S_ErrorCallback
                0x0000000008002f88        0x2 build/stm32f4xx_hal_i2s.o
                0x0000000008002f88                HAL_I2S_ErrorCallback
 .text.I2S_IRQHandler
                0x0000000008002f8a       0xd0 build/stm32f4xx_hal_i2s.o
 .text.HAL_I2SEx_TxRxCpltCallback
                0x000000000800305a        0x2 build/stm32f4xx_hal_i2s_ex.o
                0x000000000800305a                HAL_I2SEx_TxRxCpltCallback
 .text.I2SEx_TxISR_I2S
                0x000000000800305c       0x3c build/stm32f4xx_hal_i2s_ex.o
 .text.I2SEx_RxISR_I2SExt
                0x0000000008003098       0x64 build/stm32f4xx_hal_i2s_ex.o
 .text.I2SEx_TxISR_I2SExt
                0x00000000080030fc       0x64 build/stm32f4xx_hal_i2s_ex.o
 .text.I2SEx_RxISR_I2S
                0x0000000008003160       0x3c build/stm32f4xx_hal_i2s_ex.o
 .text.HAL_I2SEx_FullDuplex_IRQHandler
                0x000000000800319c      0x1d8 build/stm32f4xx_hal_i2s_ex.o
                0x000000000800319c                HAL_I2SEx_FullDuplex_IRQHandler
 .text.HAL_IWDG_Refresh
                0x0000000008003374        0xc build/stm32f4xx_hal_iwdg.o
                0x0000000008003374                HAL_IWDG_Refresh
 .text.HAL_RTC_WaitForSynchro
                0x0000000008003380       0x32 build/stm32f4xx_hal_rtc.o
                0x0000000008003380                HAL_RTC_WaitForSynchro
 .text.RTC_EnterInitMode
                0x00000000080033b2       0x3c build/stm32f4xx_hal_rtc.o
                0x00000000080033b2                RTC_EnterInitMode
 .text.HAL_RTC_Init
                0x00000000080033ee       0xc4 build/stm32f4xx_hal_rtc.o
                0x00000000080033ee                HAL_RTC_Init
 .text.RTC_ByteToBcd2
                0x00000000080034b2       0x16 build/stm32f4xx_hal_rtc.o
                0x00000000080034b2                RTC_ByteToBcd2
 .text.HAL_RTC_SetTime
                0x00000000080034c8       0xfe build/stm32f4xx_hal_rtc.o
                0x00000000080034c8                HAL_RTC_SetTime
 .text.HAL_RTC_SetDate
                0x00000000080035c6       0xda build/stm32f4xx_hal_rtc.o
                0x00000000080035c6                HAL_RTC_SetDate
 .text.RTC_Bcd2ToByte
                0x00000000080036a0       0x12 build/stm32f4xx_hal_rtc.o
                0x00000000080036a0                RTC_Bcd2ToByte
 .text.HAL_RTC_GetTime
                0x00000000080036b2       0x50 build/stm32f4xx_hal_rtc.o
                0x00000000080036b2                HAL_RTC_GetTime
 .text.HAL_RTC_GetDate
                0x0000000008003702       0x3c build/stm32f4xx_hal_rtc.o
                0x0000000008003702                HAL_RTC_GetDate
 *fill*         0x000000000800373e        0x2 
 .text.SPI_WaitFlagStateUntilTimeout
                0x0000000008003740       0xd0 build/stm32f4xx_hal_spi.o
 .text.SPI_EndRxTxTransaction
                0x0000000008003810       0x68 build/stm32f4xx_hal_spi.o
 .text.HAL_SPI_Init
                0x0000000008003878       0xbe build/stm32f4xx_hal_spi.o
                0x0000000008003878                HAL_SPI_Init
 .text.HAL_SPI_DeInit
                0x0000000008003936       0x2c build/stm32f4xx_hal_spi.o
                0x0000000008003936                HAL_SPI_DeInit
 .text.HAL_SPI_TransmitReceive
                0x0000000008003962      0x238 build/stm32f4xx_hal_spi.o
                0x0000000008003962                HAL_SPI_TransmitReceive
 .text.HAL_SPI_GetState
                0x0000000008003b9a        0x6 build/stm32f4xx_hal_spi.o
                0x0000000008003b9a                HAL_SPI_GetState
 .text.TIM_TI1_ConfigInputStage
                0x0000000008003ba0       0x24 build/stm32f4xx_hal_tim.o
 .text.TIM_TI2_ConfigInputStage
                0x0000000008003bc4       0x26 build/stm32f4xx_hal_tim.o
 .text.TIM_ITRx_SetConfig
                0x0000000008003bea       0x10 build/stm32f4xx_hal_tim.o
 *fill*         0x0000000008003bfa        0x2 
 .text.TIM_Base_SetConfig
                0x0000000008003bfc       0xc8 build/stm32f4xx_hal_tim.o
                0x0000000008003bfc                TIM_Base_SetConfig
 .text.HAL_TIM_Base_Init
                0x0000000008003cc4       0x58 build/stm32f4xx_hal_tim.o
                0x0000000008003cc4                HAL_TIM_Base_Init
 .text.TIM_ETR_SetConfig
                0x0000000008003d1c       0x18 build/stm32f4xx_hal_tim.o
                0x0000000008003d1c                TIM_ETR_SetConfig
 .text.HAL_TIM_ConfigClockSource
                0x0000000008003d34       0xda build/stm32f4xx_hal_tim.o
                0x0000000008003d34                HAL_TIM_ConfigClockSource
 *fill*         0x0000000008003e0e        0x2 
 .text.HAL_TIMEx_MasterConfigSynchronization
                0x0000000008003e10       0x88 build/stm32f4xx_hal_tim_ex.o
                0x0000000008003e10                HAL_TIMEx_MasterConfigSynchronization
 .text.UART_EndRxTransfer
                0x0000000008003e98       0x32 build/stm32f4xx_hal_uart.o
 .text.UART_Transmit_IT
                0x0000000008003eca       0x60 build/stm32f4xx_hal_uart.o
 *fill*         0x0000000008003f2a        0x2 
 .text.UART_SetConfig
                0x0000000008003f2c      0x11c build/stm32f4xx_hal_uart.o
 .text.UART_WaitOnFlagUntilTimeout
                0x0000000008004048       0x68 build/stm32f4xx_hal_uart.o
 .text.HAL_UART_Init
                0x00000000080040b0       0x5e build/stm32f4xx_hal_uart.o
                0x00000000080040b0                HAL_UART_Init
 .text.HAL_UART_Transmit
                0x000000000800410e       0xd8 build/stm32f4xx_hal_uart.o
                0x000000000800410e                HAL_UART_Transmit
 .text.HAL_UART_TxCpltCallback
                0x00000000080041e6        0x2 build/stm32f4xx_hal_uart.o
                0x00000000080041e6                HAL_UART_TxCpltCallback
 .text.UART_EndTransmit_IT
                0x00000000080041e8       0x1a build/stm32f4xx_hal_uart.o
 .text.HAL_UART_ErrorCallback
                0x0000000008004202        0x2 build/stm32f4xx_hal_uart.o
                0x0000000008004202                HAL_UART_ErrorCallback
 .text.UART_DMAAbortOnError
                0x0000000008004204       0x10 build/stm32f4xx_hal_uart.o
 .text.HAL_UARTEx_RxEventCallback
                0x0000000008004214        0x2 build/stm32f4xx_hal_uart.o
                0x0000000008004214                HAL_UARTEx_RxEventCallback
 .text.UART_Receive_IT
                0x0000000008004216       0xba build/stm32f4xx_hal_uart.o
 .text.HAL_UART_IRQHandler
                0x00000000080042d0      0x208 build/stm32f4xx_hal_uart.o
                0x00000000080042d0                HAL_UART_IRQHandler
 .text.UART_Start_Receive_IT
                0x00000000080044d8       0x36 build/stm32f4xx_hal_uart.o
                0x00000000080044d8                UART_Start_Receive_IT
 .text.HAL_UART_Receive_IT
                0x000000000800450e       0x38 build/stm32f4xx_hal_uart.o
                0x000000000800450e                HAL_UART_Receive_IT
 *fill*         0x0000000008004546        0x2 
 .text.SPIx_MspInit
                0x0000000008004548       0x58 build/stm32f4_discovery.o
 .text.SPIx_Init
                0x00000000080045a0       0x4c build/stm32f4_discovery.o
 .text.SPIx_Error
                0x00000000080045ec       0x14 build/stm32f4_discovery.o
 .text.SPIx_WriteRead
                0x0000000008004600       0x40 build/stm32f4_discovery.o
 .text.ACCELERO_IO_Init
                0x0000000008004640       0x4c build/stm32f4_discovery.o
                0x0000000008004640                ACCELERO_IO_Init
 .text.ACCELERO_IO_ITConfig
                0x000000000800468c       0x50 build/stm32f4_discovery.o
                0x000000000800468c                ACCELERO_IO_ITConfig
 .text.ACCELERO_IO_Write
                0x00000000080046dc       0x40 build/stm32f4_discovery.o
                0x00000000080046dc                ACCELERO_IO_Write
 .text.ACCELERO_IO_Read
                0x000000000800471c       0x48 build/stm32f4_discovery.o
                0x000000000800471c                ACCELERO_IO_Read
 .text.BSP_ACCELERO_Init
                0x0000000008004764       0x50 build/stm32f4_discovery_accelerometer.o
                0x0000000008004764                BSP_ACCELERO_Init
 .text.BSP_ACCELERO_GetXYZ
                0x00000000080047b4       0x34 build/stm32f4_discovery_accelerometer.o
                0x00000000080047b4                BSP_ACCELERO_GetXYZ
 .text.LIS302DL_DeInit
                0x00000000080047e8        0x2 build/lis302dl.o
                0x00000000080047e8                LIS302DL_DeInit
 .text.LIS302DL_Init
                0x00000000080047ea       0x24 build/lis302dl.o
                0x00000000080047ea                LIS302DL_Init
 .text.LIS302DL_ReadID
                0x000000000800480e       0x24 build/lis302dl.o
                0x000000000800480e                LIS302DL_ReadID
 .text.LIS302DL_FilterConfig
                0x0000000008004832       0x38 build/lis302dl.o
                0x0000000008004832                LIS302DL_FilterConfig
 .text.LIS302DL_Click_IntClear
                0x000000000800486a       0x26 build/lis302dl.o
                0x000000000800486a                LIS302DL_Click_IntClear
 .text.LIS302DL_RebootCmd
                0x0000000008004890       0x2e build/lis302dl.o
                0x0000000008004890                LIS302DL_RebootCmd
 .text.LIS302DL_ReadACC
                0x00000000080048be       0x68 build/lis302dl.o
                0x00000000080048be                LIS302DL_ReadACC
 .text.LIS302DL_InterruptConfig
                0x0000000008004926       0x36 build/lis302dl.o
                0x0000000008004926                LIS302DL_InterruptConfig
 .text.LIS302DL_Click_IntConfig
                0x000000000800495c       0xb8 build/lis302dl.o
                0x000000000800495c                LIS302DL_Click_IntConfig
 .text.LIS3DSH_DeInit
                0x0000000008004a14        0x2 build/lis3dsh.o
                0x0000000008004a14                LIS3DSH_DeInit
 .text.LIS3DSH_Init
                0x0000000008004a16       0x36 build/lis3dsh.o
                0x0000000008004a16                LIS3DSH_Init
 .text.LIS3DSH_ReadID
                0x0000000008004a4c       0x24 build/lis3dsh.o
                0x0000000008004a4c                LIS3DSH_ReadID
 .text.LIS3DSH_RebootCmd
                0x0000000008004a70       0x2e build/lis3dsh.o
                0x0000000008004a70                LIS3DSH_RebootCmd
 *fill*         0x0000000008004a9e        0x2 
 .text.LIS3DSH_ReadACC
                0x0000000008004aa0       0xf4 build/lis3dsh.o
                0x0000000008004aa0                LIS3DSH_ReadACC
 .text.LIS3DSH_InterruptConfig
                0x0000000008004b94       0x50 build/lis3dsh.o
                0x0000000008004b94                LIS3DSH_InterruptConfig
 .text.LIS3DSH_Click_IntConfig
                0x0000000008004be4       0xec build/lis3dsh.o
                0x0000000008004be4                LIS3DSH_Click_IntConfig
 .text.arm_rms_q15
                0x0000000008004cd0       0x56 build/arm_rms_q15.o
                0x0000000008004cd0                arm_rms_q15
 *fill*         0x0000000008004d26        0x2 
 .text.arm_sqrt_q15
                0x0000000008004d28       0xec build/arm_sqrt_q15.o
                0x0000000008004d28                arm_sqrt_q15
 .text.SystemInit
                0x0000000008004e14       0x14 build/system_stm32f4xx.o
                0x0000000008004e14                SystemInit
 .text.prvTestWaitCondition
                0x0000000008004e28       0x1c build/event_groups.o
 .text.xEventGroupCreate
                0x0000000008004e44       0x1c build/event_groups.o
                0x0000000008004e44                xEventGroupCreate
 .text.xEventGroupWaitBits
                0x0000000008004e60      0x10c build/event_groups.o
                0x0000000008004e60                xEventGroupWaitBits
 .text.xEventGroupSetBits
                0x0000000008004f6c       0x8c build/event_groups.o
                0x0000000008004f6c                xEventGroupSetBits
 .text.vListInitialise
                0x0000000008004ff8       0x16 build/list.o
                0x0000000008004ff8                vListInitialise
 .text.vListInitialiseItem
                0x000000000800500e        0x6 build/list.o
                0x000000000800500e                vListInitialiseItem
 .text.vListInsertEnd
                0x0000000008005014       0x16 build/list.o
                0x0000000008005014                vListInsertEnd
 .text.vListInsert
                0x000000000800502a       0x32 build/list.o
                0x000000000800502a                vListInsert
 .text.uxListRemove
                0x000000000800505c       0x26 build/list.o
                0x000000000800505c                uxListRemove
 .text.prvIsQueueFull
                0x0000000008005082       0x1e build/queue.o
 .text.prvIsQueueEmpty
                0x00000000080050a0       0x1a build/queue.o
 .text.prvCopyDataToQueue
                0x00000000080050ba       0x76 build/queue.o
 .text.prvCopyDataFromQueue
                0x0000000008005130       0x24 build/queue.o
 .text.prvUnlockQueue
                0x0000000008005154       0x6e build/queue.o
 *fill*         0x00000000080051c2        0x2 
 .text.xQueueGenericReset
                0x00000000080051c4       0x84 build/queue.o
                0x00000000080051c4                xQueueGenericReset
 .text.prvInitialiseNewQueue
                0x0000000008005248       0x22 build/queue.o
 .text.xQueueGenericCreateStatic
                0x000000000800526a       0x94 build/queue.o
                0x000000000800526a                xQueueGenericCreateStatic
 .text.xQueueGenericCreate
                0x00000000080052fe       0x48 build/queue.o
                0x00000000080052fe                xQueueGenericCreate
 *fill*         0x0000000008005346        0x2 
 .text.xQueueGenericSend
                0x0000000008005348      0x180 build/queue.o
                0x0000000008005348                xQueueGenericSend
 .text.xQueueGenericSendFromISR
                0x00000000080054c8       0xd0 build/queue.o
                0x00000000080054c8                xQueueGenericSendFromISR
 .text.xQueueReceive
                0x0000000008005598      0x15c build/queue.o
                0x0000000008005598                xQueueReceive
 .text.vQueueAddToRegistry
                0x00000000080056f4       0x28 build/queue.o
                0x00000000080056f4                vQueueAddToRegistry
 .text.vQueueUnregisterQueue
                0x000000000800571c       0x2c build/queue.o
                0x000000000800571c                vQueueUnregisterQueue
 .text.vQueueDelete
                0x0000000008005748       0x2c build/queue.o
                0x0000000008005748                vQueueDelete
 .text.vQueueWaitForMessageRestricted
                0x0000000008005774       0x52 build/queue.o
                0x0000000008005774                vQueueWaitForMessageRestricted
 *fill*         0x00000000080057c6        0x2 
 .text.prvTaskIsTaskSuspended
                0x00000000080057c8       0x40 build/tasks.o
 .text.prvResetNextTaskUnblockTime
                0x0000000008005808       0x2c build/tasks.o
 .text.prvInitialiseNewTask
                0x0000000008005834       0x9a build/tasks.o
 *fill*         0x00000000080058ce        0x2 
 .text.prvInitialiseTaskLists
                0x00000000080058d0       0x68 build/tasks.o
 .text.prvAddNewTaskToReadyList
                0x0000000008005938       0xac build/tasks.o
 .text.prvDeleteTCB
                0x00000000080059e4       0x38 build/tasks.o
 .text.prvCheckTasksWaitingTermination
                0x0000000008005a1c       0x4c build/tasks.o
 .text.prvIdleTask
                0x0000000008005a68       0x28 build/tasks.o
 .text.prvAddCurrentTaskToDelayedList
                0x0000000008005a90       0x7c build/tasks.o
 .text.xTaskCreateStatic
                0x0000000008005b0c       0x74 build/tasks.o
                0x0000000008005b0c                xTaskCreateStatic
 .text.xTaskCreate
                0x0000000008005b80       0x68 build/tasks.o
                0x0000000008005b80                xTaskCreate
 .text.vTaskDelete
                0x0000000008005be8       0xb8 build/tasks.o
                0x0000000008005be8                vTaskDelete
 .text.vTaskResume
                0x0000000008005ca0       0x88 build/tasks.o
                0x0000000008005ca0                vTaskResume
 .text.xTaskResumeFromISR
                0x0000000008005d28       0xa4 build/tasks.o
                0x0000000008005d28                xTaskResumeFromISR
 .text.vTaskStartScheduler
                0x0000000008005dcc       0x94 build/tasks.o
                0x0000000008005dcc                vTaskStartScheduler
 .text.vTaskSuspendAll
                0x0000000008005e60       0x10 build/tasks.o
                0x0000000008005e60                vTaskSuspendAll
 .text.xTaskGetTickCount
                0x0000000008005e70        0xc build/tasks.o
                0x0000000008005e70                xTaskGetTickCount
 .text.xTaskIncrementTick
                0x0000000008005e7c      0x11c build/tasks.o
                0x0000000008005e7c                xTaskIncrementTick
 .text.xTaskResumeAll
                0x0000000008005f98       0xf8 build/tasks.o
                0x0000000008005f98                xTaskResumeAll
 .text.vTaskDelayUntil
                0x0000000008006090       0xa4 build/tasks.o
                0x0000000008006090                vTaskDelayUntil
 .text.vTaskSwitchContext
                0x0000000008006134       0x98 build/tasks.o
                0x0000000008006134                vTaskSwitchContext
 .text.vTaskSuspend
                0x00000000080061cc       0xc4 build/tasks.o
                0x00000000080061cc                vTaskSuspend
 .text.vTaskPlaceOnEventList
                0x0000000008006290       0x30 build/tasks.o
                0x0000000008006290                vTaskPlaceOnEventList
 .text.vTaskPlaceOnUnorderedEventList
                0x00000000080062c0       0x58 build/tasks.o
                0x00000000080062c0                vTaskPlaceOnUnorderedEventList
 .text.vTaskPlaceOnEventListRestricted
                0x0000000008006318       0x38 build/tasks.o
                0x0000000008006318                vTaskPlaceOnEventListRestricted
 .text.xTaskRemoveFromEventList
                0x0000000008006350       0x8c build/tasks.o
                0x0000000008006350                xTaskRemoveFromEventList
 .text.vTaskRemoveFromUnorderedEventList
                0x00000000080063dc       0x88 build/tasks.o
                0x00000000080063dc                vTaskRemoveFromUnorderedEventList
 .text.vTaskInternalSetTimeOutState
                0x0000000008006464       0x18 build/tasks.o
                0x0000000008006464                vTaskInternalSetTimeOutState
 .text.xTaskCheckForTimeOut
                0x000000000800647c       0x84 build/tasks.o
                0x000000000800647c                xTaskCheckForTimeOut
 .text.vTaskMissedYield
                0x0000000008006500        0xc build/tasks.o
                0x0000000008006500                vTaskMissedYield
 .text.xTaskGetSchedulerState
                0x000000000800650c       0x20 build/tasks.o
                0x000000000800650c                xTaskGetSchedulerState
 .text.xTaskPriorityDisinherit
                0x000000000800652c       0x90 build/tasks.o
                0x000000000800652c                xTaskPriorityDisinherit
 .text.uxTaskResetEventItemValue
                0x00000000080065bc       0x18 build/tasks.o
                0x00000000080065bc                uxTaskResetEventItemValue
 .text.prvGetNextExpireTime
                0x00000000080065d4       0x20 build/timers.o
 .text.prvInsertTimerInActiveList
                0x00000000080065f4       0x48 build/timers.o
 .text.prvCheckForValidListAndQueue
                0x000000000800663c       0x70 build/timers.o
 .text.xTimerCreateTimerTask
                0x00000000080066ac       0x64 build/timers.o
                0x00000000080066ac                xTimerCreateTimerTask
 .text.xTimerGenericCommand
                0x0000000008006710       0x6c build/timers.o
                0x0000000008006710                xTimerGenericCommand
 .text.prvSwitchTimerLists
                0x000000000800677c       0x7c build/timers.o
 .text.prvSampleTimeNow
                0x00000000080067f8       0x2c build/timers.o
 .text.prvProcessExpiredTimer
                0x0000000008006824       0x6c build/timers.o
 .text.prvProcessTimerOrBlockTask
                0x0000000008006890       0x74 build/timers.o
 .text.prvProcessReceivedCommands
                0x0000000008006904      0x10c build/timers.o
 .text.prvTimerTask
                0x0000000008006a10       0x16 build/timers.o
 *fill*         0x0000000008006a26        0x2 
 .text.vApplicationGetIdleTaskMemory
                0x0000000008006a28       0x18 build/cmsis_os2.o
                0x0000000008006a28                vApplicationGetIdleTaskMemory
 .text.vApplicationGetTimerTaskMemory
                0x0000000008006a40       0x18 build/cmsis_os2.o
                0x0000000008006a40                vApplicationGetTimerTaskMemory
 .text.prvHeapInit
                0x0000000008006a58       0x64 build/heap_4.o
 .text.prvInsertBlockIntoFreeList
                0x0000000008006abc       0x58 build/heap_4.o
 .text.pvPortMalloc
                0x0000000008006b14       0xfc build/heap_4.o
                0x0000000008006b14                pvPortMalloc
 .text.vPortFree
                0x0000000008006c10       0x7c build/heap_4.o
                0x0000000008006c10                vPortFree
 .text.prvTaskExitError
                0x0000000008006c8c       0x40 build/port.o
 .text.prvPortStartFirstTask
                0x0000000008006ccc       0x28 build/port.o
 .text.vPortEnableVFP
                0x0000000008006cf4       0x14 build/port.o
 .text.pxPortInitialiseStack
                0x0000000008006d08       0x2c build/port.o
                0x0000000008006d08                pxPortInitialiseStack
 *fill*         0x0000000008006d34        0xc 
 .text.SVC_Handler
                0x0000000008006d40       0x24 build/port.o
                0x0000000008006d40                SVC_Handler
 .text.vPortEnterCritical
                0x0000000008006d64       0x44 build/port.o
                0x0000000008006d64                vPortEnterCritical
 .text.vPortExitCritical
                0x0000000008006da8       0x2c build/port.o
                0x0000000008006da8                vPortExitCritical
 *fill*         0x0000000008006dd4        0xc 
 .text.PendSV_Handler
                0x0000000008006de0       0x64 build/port.o
                0x0000000008006de0                PendSV_Handler
 .text.xPortSysTickHandler
                0x0000000008006e44       0x2c build/port.o
                0x0000000008006e44                xPortSysTickHandler
 .text.vPortSetupTimerInterrupt
                0x0000000008006e70       0x38 build/port.o
                0x0000000008006e70                vPortSetupTimerInterrupt
 .text.xPortStartScheduler
                0x0000000008006ea8      0x110 build/port.o
                0x0000000008006ea8                xPortStartScheduler
 .text.vPortValidateInterruptPriority
                0x0000000008006fb8       0x5c build/port.o
                0x0000000008006fb8                vPortValidateInterruptPriority
 .text.Reset_Handler
                0x0000000008007014       0x50 build/startup_stm32f407xx.o
                0x0000000008007014                Reset_Handler
 .text.Default_Handler
                0x0000000008007064        0x2 build/startup_stm32f407xx.o
                0x0000000008007064                DMA1_Stream3_IRQHandler
                0x0000000008007064                HASH_RNG_IRQHandler
                0x0000000008007064                EXTI2_IRQHandler
                0x0000000008007064                TIM8_CC_IRQHandler
                0x0000000008007064                TIM1_CC_IRQHandler
                0x0000000008007064                DMA2_Stream5_IRQHandler
                0x0000000008007064                DMA1_Stream5_IRQHandler
                0x0000000008007064                PVD_IRQHandler
                0x0000000008007064                SDIO_IRQHandler
                0x0000000008007064                TAMP_STAMP_IRQHandler
                0x0000000008007064                CAN2_RX1_IRQHandler
                0x0000000008007064                EXTI3_IRQHandler
                0x0000000008007064                TIM8_TRG_COM_TIM14_IRQHandler
                0x0000000008007064                TIM1_UP_TIM10_IRQHandler
                0x0000000008007064                TIM8_UP_TIM13_IRQHandler
                0x0000000008007064                I2C3_ER_IRQHandler
                0x0000000008007064                EXTI0_IRQHandler
                0x0000000008007064                I2C2_EV_IRQHandler
                0x0000000008007064                DMA1_Stream2_IRQHandler
                0x0000000008007064                CAN1_RX0_IRQHandler
                0x0000000008007064                FPU_IRQHandler
                0x0000000008007064                OTG_HS_WKUP_IRQHandler
                0x0000000008007064                CAN2_SCE_IRQHandler
                0x0000000008007064                DMA2_Stream2_IRQHandler
                0x0000000008007064                SPI1_IRQHandler
                0x0000000008007064                TIM6_DAC_IRQHandler
                0x0000000008007064                TIM1_BRK_TIM9_IRQHandler
                0x0000000008007064                DCMI_IRQHandler
                0x0000000008007064                CAN2_RX0_IRQHandler
                0x0000000008007064                DMA2_Stream3_IRQHandler
                0x0000000008007064                USART6_IRQHandler
                0x0000000008007064                CAN1_RX1_IRQHandler
                0x0000000008007064                UART5_IRQHandler
                0x0000000008007064                DMA2_Stream0_IRQHandler
                0x0000000008007064                TIM4_IRQHandler
                0x0000000008007064                I2C1_EV_IRQHandler
                0x0000000008007064                DMA1_Stream6_IRQHandler
                0x0000000008007064                DMA1_Stream1_IRQHandler
                0x0000000008007064                UART4_IRQHandler
                0x0000000008007064                TIM3_IRQHandler
                0x0000000008007064                RCC_IRQHandler
                0x0000000008007064                TIM8_BRK_TIM12_IRQHandler
                0x0000000008007064                Default_Handler
                0x0000000008007064                ADC_IRQHandler
                0x0000000008007064                DMA1_Stream7_IRQHandler
                0x0000000008007064                TIM7_IRQHandler
                0x0000000008007064                CAN2_TX_IRQHandler
                0x0000000008007064                TIM5_IRQHandler
                0x0000000008007064                DMA2_Stream7_IRQHandler
                0x0000000008007064                I2C3_EV_IRQHandler
                0x0000000008007064                RTC_WKUP_IRQHandler
                0x0000000008007064                ETH_WKUP_IRQHandler
                0x0000000008007064                SPI2_IRQHandler
                0x0000000008007064                OTG_HS_EP1_IN_IRQHandler
                0x0000000008007064                DMA1_Stream0_IRQHandler
                0x0000000008007064                CAN1_TX_IRQHandler
                0x0000000008007064                EXTI4_IRQHandler
                0x0000000008007064                FSMC_IRQHandler
                0x0000000008007064                ETH_IRQHandler
                0x0000000008007064                OTG_HS_EP1_OUT_IRQHandler
                0x0000000008007064                WWDG_IRQHandler
                0x0000000008007064                TIM2_IRQHandler
                0x0000000008007064                OTG_FS_WKUP_IRQHandler
                0x0000000008007064                TIM1_TRG_COM_TIM11_IRQHandler
                0x0000000008007064                OTG_HS_IRQHandler
                0x0000000008007064                EXTI1_IRQHandler
                0x0000000008007064                USART2_IRQHandler
                0x0000000008007064                I2C2_ER_IRQHandler
                0x0000000008007064                DMA2_Stream1_IRQHandler
                0x0000000008007064                CAN1_SCE_IRQHandler
                0x0000000008007064                FLASH_IRQHandler
                0x0000000008007064                DMA2_Stream4_IRQHandler
                0x0000000008007064                USART1_IRQHandler
                0x0000000008007064                OTG_FS_IRQHandler
                0x0000000008007064                SPI3_IRQHandler
                0x0000000008007064                DMA1_Stream4_IRQHandler
                0x0000000008007064                I2C1_ER_IRQHandler
                0x0000000008007064                DMA2_Stream6_IRQHandler
                0x0000000008007064                RTC_Alarm_IRQHandler
 *fill*         0x0000000008007066        0x2 
 .text.__libc_init_array
                0x0000000008007068       0x48 /usr/local/Cellar/gcc-arm-none-eabi/20200630/bin/../lib/gcc/arm-none-eabi/9.3.1/../../../../arm-none-eabi/lib/thumb/v7e-m+fp/hard/libc_nano.a(lib_a-init.o)
                0x0000000008007068                __libc_init_array
 .text.memcpy   0x00000000080070b0       0x1c /usr/local/Cellar/gcc-arm-none-eabi/20200630/bin/../lib/gcc/arm-none-eabi/9.3.1/../../../../arm-none-eabi/lib/thumb/v7e-m+fp/hard/libc_nano.a(lib_a-memcpy-stub.o)
                0x00000000080070b0                memcpy
 .text.memset   0x00000000080070cc       0x10 /usr/local/Cellar/gcc-arm-none-eabi/20200630/bin/../lib/gcc/arm-none-eabi/9.3.1/../../../../arm-none-eabi/lib/thumb/v7e-m+fp/hard/libc_nano.a(lib_a-memset.o)
                0x00000000080070cc                memset
 .text.sprintf  0x00000000080070dc       0x40 /usr/local/Cellar/gcc-arm-none-eabi/20200630/bin/../lib/gcc/arm-none-eabi/9.3.1/../../../../arm-none-eabi/lib/thumb/v7e-m+fp/hard/libc_nano.a(lib_a-sprintf.o)
                0x00000000080070dc                sprintf
                0x00000000080070dc                siprintf
 .text.__ssputs_r
                0x000000000800711c       0xb6 /usr/local/Cellar/gcc-arm-none-eabi/20200630/bin/../lib/gcc/arm-none-eabi/9.3.1/../../../../arm-none-eabi/lib/thumb/v7e-m+fp/hard/libc_nano.a(lib_a-nano-svfprintf.o)
                0x000000000800711c                __ssputs_r
 *fill*         0x00000000080071d2        0x2 
 .text._svfprintf_r
                0x00000000080071d4      0x200 /usr/local/Cellar/gcc-arm-none-eabi/20200630/bin/../lib/gcc/arm-none-eabi/9.3.1/../../../../arm-none-eabi/lib/thumb/v7e-m+fp/hard/libc_nano.a(lib_a-nano-svfprintf.o)
                0x00000000080071d4                _svfprintf_r
                0x00000000080071d4                _svfiprintf_r
 .text._printf_common
                0x00000000080073d4       0xda /usr/local/Cellar/gcc-arm-none-eabi/20200630/bin/../lib/gcc/arm-none-eabi/9.3.1/../../../../arm-none-eabi/lib/thumb/v7e-m+fp/hard/libc_nano.a(lib_a-nano-vfprintf_i.o)
                0x00000000080073d4                _printf_common
 *fill*         0x00000000080074ae        0x2 
 .text._printf_i
                0x00000000080074b0      0x24c /usr/local/Cellar/gcc-arm-none-eabi/20200630/bin/../lib/gcc/arm-none-eabi/9.3.1/../../../../arm-none-eabi/lib/thumb/v7e-m+fp/hard/libc_nano.a(lib_a-nano-vfprintf_i.o)
                0x00000000080074b0                _printf_i
 .text.memmove  0x00000000080076fc       0x34 /usr/local/Cellar/gcc-arm-none-eabi/20200630/bin/../lib/gcc/arm-none-eabi/9.3.1/../../../../arm-none-eabi/lib/thumb/v7e-m+fp/hard/libc_nano.a(lib_a-memmove.o)
                0x00000000080076fc                memmove
 .text._free_r  0x0000000008007730       0xa0 /usr/local/Cellar/gcc-arm-none-eabi/20200630/bin/../lib/gcc/arm-none-eabi/9.3.1/../../../../arm-none-eabi/lib/thumb/v7e-m+fp/hard/libc_nano.a(lib_a-nano-freer.o)
                0x0000000008007730                _free_r
 .text._malloc_r
                0x00000000080077d0       0xb4 /usr/local/Cellar/gcc-arm-none-eabi/20200630/bin/../lib/gcc/arm-none-eabi/9.3.1/../../../../arm-none-eabi/lib/thumb/v7e-m+fp/hard/libc_nano.a(lib_a-nano-mallocr.o)
                0x00000000080077d0                _malloc_r
 .text._realloc_r
                0x0000000008007884       0x4c /usr/local/Cellar/gcc-arm-none-eabi/20200630/bin/../lib/gcc/arm-none-eabi/9.3.1/../../../../arm-none-eabi/lib/thumb/v7e-m+fp/hard/libc_nano.a(lib_a-nano-reallocr.o)
                0x0000000008007884                _realloc_r
 .text._sbrk_r  0x00000000080078d0       0x20 /usr/local/Cellar/gcc-arm-none-eabi/20200630/bin/../lib/gcc/arm-none-eabi/9.3.1/../../../../arm-none-eabi/lib/thumb/v7e-m+fp/hard/libc_nano.a(lib_a-sbrkr.o)
                0x00000000080078d0                _sbrk_r
 .text.__malloc_lock
                0x00000000080078f0        0xc /usr/local/Cellar/gcc-arm-none-eabi/20200630/bin/../lib/gcc/arm-none-eabi/9.3.1/../../../../arm-none-eabi/lib/thumb/v7e-m+fp/hard/libc_nano.a(lib_a-mlock.o)
                0x00000000080078f0                __malloc_lock
 .text.__malloc_unlock
                0x00000000080078fc        0xc /usr/local/Cellar/gcc-arm-none-eabi/20200630/bin/../lib/gcc/arm-none-eabi/9.3.1/../../../../arm-none-eabi/lib/thumb/v7e-m+fp/hard/libc_nano.a(lib_a-mlock.o)
                0x00000000080078fc                __malloc_unlock
 .text._malloc_usable_size_r
                0x0000000008007908       0x10 /usr/local/Cellar/gcc-arm-none-eabi/20200630/bin/../lib/gcc/arm-none-eabi/9.3.1/../../../../arm-none-eabi/lib/thumb/v7e-m+fp/hard/libc_nano.a(lib_a-nano-msizer.o)
                0x0000000008007908                _malloc_usable_size_r
 .text.__retarget_lock_acquire_recursive
                0x0000000008007918        0x2 /usr/local/Cellar/gcc-arm-none-eabi/20200630/bin/../lib/gcc/arm-none-eabi/9.3.1/../../../../arm-none-eabi/lib/thumb/v7e-m+fp/hard/libc_nano.a(lib_a-lock.o)
                0x0000000008007918                __retarget_lock_acquire_recursive
 .text.__retarget_lock_release_recursive
                0x000000000800791a        0x2 /usr/local/Cellar/gcc-arm-none-eabi/20200630/bin/../lib/gcc/arm-none-eabi/9.3.1/../../../../arm-none-eabi/lib/thumb/v7e-m+fp/hard/libc_nano.a(lib_a-lock.o)
                0x000000000800791a                __retarget_lock_release_recursive
 .text._sbrk    0x000000000800791c       0x1c /usr/local/Cellar/gcc-arm-none-eabi/20200630/bin/../lib/gcc/arm-none-eabi/9.3.1/../../../../arm-none-eabi/lib/thumb/v7e-m+fp/hard/libnosys.a(sbrk.o)
                0x000000000800791c                _sbrk
 *(.glue_7)
 .glue_7        0x0000000008007938        0x0 linker stubs
 *(.glue_7t)
 .glue_7t       0x0000000008007938        0x0 linker stubs
 *(.eh_frame)
 .eh_frame      0x0000000008007938        0x0 /usr/local/Cellar/gcc-arm-none-eabi/20200630/bin/../lib/gcc/arm-none-eabi/9.3.1/thumb/v7e-m+fp/hard/crtbegin.o
 *(.init)
 .init          0x0000000008007938        0x4 /usr/local/Cellar/gcc-arm-none-eabi/20200630/bin/../lib/gcc/arm-none-eabi/9.3.1/thumb/v7e-m+fp/hard/crti.o
                0x0000000008007938                _init
 .init          0x000000000800793c        0x8 /usr/local/Cellar/gcc-arm-none-eabi/20200630/bin/../lib/gcc/arm-none-eabi/9.3.1/thumb/v7e-m+fp/hard/crtn.o
 *(.fini)
 .fini          0x0000000008007944        0x4 /usr/local/Cellar/gcc-arm-none-eabi/20200630/bin/../lib/gcc/arm-none-eabi/9.3.1/thumb/v7e-m+fp/hard/crti.o
                0x0000000008007944                _fini
 .fini          0x0000000008007948        0x8 /usr/local/Cellar/gcc-arm-none-eabi/20200630/bin/../lib/gcc/arm-none-eabi/9.3.1/thumb/v7e-m+fp/hard/crtn.o
                0x0000000008007950                . = ALIGN (0x4)
                0x0000000008007950                _etext = .

.vfp11_veneer   0x0000000008007950        0x0
 .vfp11_veneer  0x0000000008007950        0x0 linker stubs

.v4_bx          0x0000000008007950        0x0
 .v4_bx         0x0000000008007950        0x0 linker stubs

.iplt           0x0000000008007950        0x0
 .iplt          0x0000000008007950        0x0 /usr/local/Cellar/gcc-arm-none-eabi/20200630/bin/../lib/gcc/arm-none-eabi/9.3.1/thumb/v7e-m+fp/hard/crtbegin.o

.rodata         0x0000000008007950      0x1d0
                0x0000000008007950                . = ALIGN (0x4)
 *(.rodata)
 *(.rodata*)
 .rodata.StartCreateTask.str1.4
                0x0000000008007950       0x41 build/main.o
 *fill*         0x0000000008007991        0x3 
 .rodata.HAL_UART_RxCpltCallback.str1.4
                0x0000000008007994       0x36 build/main.o
 *fill*         0x00000000080079ca        0x2 
 .rodata.LoRa_Set.str1.4
                0x00000000080079cc       0x3a build/main.o
 *fill*         0x0000000008007a06        0x2 
 .rodata.Uplink_Ground.str1.4
                0x0000000008007a08       0x4c build/main.o
 .rodata.LaunchTestTask.str1.4
                0x0000000008007a54       0x13 build/main.o
 *fill*         0x0000000008007a67        0x1 
 .rodata.ReferanceTask.str1.4
                0x0000000008007a68       0x2a build/main.o
 *fill*         0x0000000008007a92        0x2 
 .rodata.beacon_data_f.str1.4
                0x0000000008007a94       0x27 build/main.o
 *fill*         0x0000000008007abb        0x1 
 .rodata.AHBPrescTable
                0x0000000008007abc       0x10 build/system_stm32f4xx.o
                0x0000000008007abc                AHBPrescTable
 .rodata.APBPrescTable
                0x0000000008007acc        0x8 build/system_stm32f4xx.o
                0x0000000008007acc                APBPrescTable
 .rodata.vTaskStartScheduler.str1.4
                0x0000000008007ad4        0x5 build/tasks.o
 *fill*         0x0000000008007ad9        0x3 
 .rodata.prvCheckForValidListAndQueue.str1.4
                0x0000000008007adc        0x5 build/timers.o
 *fill*         0x0000000008007ae1        0x3 
 .rodata.xTimerCreateTimerTask.str1.4
                0x0000000008007ae4        0x8 build/timers.o
 .rodata._svfprintf_r.str1.1
                0x0000000008007aec       0x11 /usr/local/Cellar/gcc-arm-none-eabi/20200630/bin/../lib/gcc/arm-none-eabi/9.3.1/../../../../arm-none-eabi/lib/thumb/v7e-m+fp/hard/libc_nano.a(lib_a-nano-svfprintf.o)
 .rodata._printf_i.str1.1
                0x0000000008007afd       0x22 /usr/local/Cellar/gcc-arm-none-eabi/20200630/bin/../lib/gcc/arm-none-eabi/9.3.1/../../../../arm-none-eabi/lib/thumb/v7e-m+fp/hard/libc_nano.a(lib_a-nano-vfprintf_i.o)
                0x0000000008007b20                . = ALIGN (0x4)
 *fill*         0x0000000008007b1f        0x1 

.ARM.extab
 *(.ARM.extab* .gnu.linkonce.armextab.*)

.ARM            0x0000000008007b20        0x8
                0x0000000008007b20                __exidx_start = .
 *(.ARM.exidx*)
 .ARM.exidx     0x0000000008007b20        0x8 /usr/local/Cellar/gcc-arm-none-eabi/20200630/bin/../lib/gcc/arm-none-eabi/9.3.1/thumb/v7e-m+fp/hard/libgcc.a(_udivmoddi4.o)
                0x0000000008007b28                __exidx_end = .

.rel.dyn        0x0000000008007b28        0x0
 .rel.iplt      0x0000000008007b28        0x0 /usr/local/Cellar/gcc-arm-none-eabi/20200630/bin/../lib/gcc/arm-none-eabi/9.3.1/thumb/v7e-m+fp/hard/crtbegin.o

.preinit_array  0x0000000008007b28        0x0
                0x0000000008007b28                PROVIDE (__preinit_array_start = .)
 *(.preinit_array*)
                0x0000000008007b28                PROVIDE (__preinit_array_end = .)

.init_array     0x0000000008007b28        0x4
                0x0000000008007b28                PROVIDE (__init_array_start = .)
 *(SORT_BY_NAME(.init_array.*))
 *(.init_array*)
 .init_array    0x0000000008007b28        0x4 /usr/local/Cellar/gcc-arm-none-eabi/20200630/bin/../lib/gcc/arm-none-eabi/9.3.1/thumb/v7e-m+fp/hard/crtbegin.o
                0x0000000008007b2c                PROVIDE (__init_array_end = .)

.fini_array     0x0000000008007b2c        0x4
                [!provide]                        PROVIDE (__fini_array_start = .)
 *(SORT_BY_NAME(.fini_array.*))
 *(.fini_array*)
 .fini_array    0x0000000008007b2c        0x4 /usr/local/Cellar/gcc-arm-none-eabi/20200630/bin/../lib/gcc/arm-none-eabi/9.3.1/thumb/v7e-m+fp/hard/crtbegin.o
                [!provide]                        PROVIDE (__fini_array_end = .)
                0x0000000008007b30                _sidata = LOADADDR (.data)

.data           0x0000000020000000       0xe0 load address 0x0000000008007b30
                0x0000000020000000                . = ALIGN (0x4)
                0x0000000020000000                _sdata = .
 *(.data)
 *(.data*)
 .data.uwTickFreq
                0x0000000020000000        0x1 build/stm32f4xx_hal.o
                0x0000000020000000                uwTickFreq
 *fill*         0x0000000020000001        0x3 
 .data.uwTickPrio
                0x0000000020000004        0x4 build/stm32f4xx_hal.o
                0x0000000020000004                uwTickPrio
 .data.SpixTimeout
                0x0000000020000008        0x4 build/stm32f4_discovery.o
                0x0000000020000008                SpixTimeout
 .data.Lis302dlDrv
                0x000000002000000c       0x34 build/lis302dl.o
                0x000000002000000c                Lis302dlDrv
 .data.Lis3dshDrv
                0x0000000020000040       0x34 build/lis3dsh.o
                0x0000000020000040                Lis3dshDrv
 .data.SystemCoreClock
                0x0000000020000074        0x4 build/system_stm32f4xx.o
                0x0000000020000074                SystemCoreClock
 .data.uxCriticalNesting
                0x0000000020000078        0x4 build/port.o
 .data._impure_ptr
                0x000000002000007c        0x4 /usr/local/Cellar/gcc-arm-none-eabi/20200630/bin/../lib/gcc/arm-none-eabi/9.3.1/../../../../arm-none-eabi/lib/thumb/v7e-m+fp/hard/libc_nano.a(lib_a-impure.o)
                0x000000002000007c                _impure_ptr
 .data.impure_data
                0x0000000020000080       0x60 /usr/local/Cellar/gcc-arm-none-eabi/20200630/bin/../lib/gcc/arm-none-eabi/9.3.1/../../../../arm-none-eabi/lib/thumb/v7e-m+fp/hard/libc_nano.a(lib_a-impure.o)
                0x00000000200000e0                . = ALIGN (0x4)
                0x00000000200000e0                _edata = .
                0x0000000008007c10                _siccmram = LOADADDR (.ccmram)

.igot.plt       0x00000000200000e0        0x0 load address 0x0000000008007c10
 .igot.plt      0x00000000200000e0        0x0 /usr/local/Cellar/gcc-arm-none-eabi/20200630/bin/../lib/gcc/arm-none-eabi/9.3.1/thumb/v7e-m+fp/hard/crtbegin.o

.ccmram         0x0000000010000000        0x0 load address 0x0000000008007c10
                0x0000000010000000                . = ALIGN (0x4)
                0x0000000010000000                _sccmram = .
 *(.ccmram)
 *(.ccmram*)
                0x0000000010000000                . = ALIGN (0x4)
                0x0000000010000000                _eccmram = .
                0x0000000010000000                . = ALIGN (0x4)

.bss            0x00000000200000e0     0x4d48
                0x00000000200000e0                _sbss = .
                0x00000000200000e0                __bss_start__ = _sbss
 *(.bss)
 .bss           0x00000000200000e0       0x1c /usr/local/Cellar/gcc-arm-none-eabi/20200630/bin/../lib/gcc/arm-none-eabi/9.3.1/thumb/v7e-m+fp/hard/crtbegin.o
 *(.bss*)
 .bss.Accelero  0x00000000200000fc        0x4 build/main.o
                0x00000000200000fc                Accelero
 .bss.Iwdg      0x0000000020000100        0x4 build/main.o
                0x0000000020000100                Iwdg
 .bss.LaunchTest
                0x0000000020000104        0x4 build/main.o
                0x0000000020000104                LaunchTest
 .bss.Payload   0x0000000020000108        0x4 build/main.o
                0x0000000020000108                Payload
 .bss.RX1_Char  0x000000002000010c        0x1 build/main.o
                0x000000002000010c                RX1_Char
 *fill*         0x000000002000010d        0x3 
 .bss.RealTimeClock
                0x0000000020000110        0x4 build/main.o
                0x0000000020000110                RealTimeClock
 .bss.Referance
                0x0000000020000114        0x4 build/main.o
                0x0000000020000114                Referance
 .bss.Transmit  0x0000000020000118        0x4 build/main.o
                0x0000000020000118                Transmit
 .bss.SpiHandle
                0x000000002000011c       0x58 build/stm32f4_discovery.o
 .bss.AcceleroDrv
                0x0000000020000174        0x4 build/stm32f4_discovery_accelerometer.o
 .bss.pxCurrentTCB
                0x0000000020000178        0x4 build/tasks.o
                0x0000000020000178                pxCurrentTCB
 .bss.pxDelayedTaskList
                0x000000002000017c        0x4 build/tasks.o
 .bss.pxOverflowDelayedTaskList
                0x0000000020000180        0x4 build/tasks.o
 .bss.pxReadyTasksLists
                0x0000000020000184      0x460 build/tasks.o
 .bss.uxCurrentNumberOfTasks
                0x00000000200005e4        0x4 build/tasks.o
 .bss.uxDeletedTasksWaitingCleanUp
                0x00000000200005e8        0x4 build/tasks.o
 .bss.uxSchedulerSuspended
                0x00000000200005ec        0x4 build/tasks.o
 .bss.uxTaskNumber
                0x00000000200005f0        0x4 build/tasks.o
 .bss.uxTopReadyPriority
                0x00000000200005f4        0x4 build/tasks.o
 .bss.xDelayedTaskList1
                0x00000000200005f8       0x14 build/tasks.o
 .bss.xDelayedTaskList2
                0x000000002000060c       0x14 build/tasks.o
 .bss.xNextTaskUnblockTime
                0x0000000020000620        0x4 build/tasks.o
 .bss.xNumOfOverflows
                0x0000000020000624        0x4 build/tasks.o
 .bss.xPendedTicks
                0x0000000020000628        0x4 build/tasks.o
 .bss.xPendingReadyList
                0x000000002000062c       0x14 build/tasks.o
 .bss.xSchedulerRunning
                0x0000000020000640        0x4 build/tasks.o
 .bss.xSuspendedTaskList
                0x0000000020000644       0x14 build/tasks.o
 .bss.xTasksWaitingTermination
                0x0000000020000658       0x14 build/tasks.o
 .bss.xTickCount
                0x000000002000066c        0x4 build/tasks.o
 .bss.xYieldPending
                0x0000000020000670        0x4 build/tasks.o
 .bss.pxCurrentTimerList
                0x0000000020000674        0x4 build/timers.o
 .bss.pxOverflowTimerList
                0x0000000020000678        0x4 build/timers.o
 .bss.ucStaticTimerQueueStorage.6962
                0x000000002000067c       0xa0 build/timers.o
 .bss.xActiveTimerList1
                0x000000002000071c       0x14 build/timers.o
 .bss.xActiveTimerList2
                0x0000000020000730       0x14 build/timers.o
 .bss.xLastTime.6911
                0x0000000020000744        0x4 build/timers.o
 .bss.xStaticTimerQueue.6961
                0x0000000020000748       0x50 build/timers.o
 .bss.xTimerQueue
                0x0000000020000798        0x4 build/timers.o
 .bss.xTimerTaskHandle
                0x000000002000079c        0x4 build/timers.o
 .bss.Idle_Stack.11324
                0x00000000200007a0      0x200 build/cmsis_os2.o
 .bss.Idle_TCB.11323
                0x00000000200009a0       0x5c build/cmsis_os2.o
 .bss.Timer_Stack.11331
                0x00000000200009fc      0x400 build/cmsis_os2.o
 .bss.Timer_TCB.11330
                0x0000000020000dfc       0x5c build/cmsis_os2.o
 .bss.pxEnd     0x0000000020000e58        0x4 build/heap_4.o
 .bss.ucHeap    0x0000000020000e5c     0x3c00 build/heap_4.o
 .bss.xBlockAllocatedBit
                0x0000000020004a5c        0x4 build/heap_4.o
 .bss.xFreeBytesRemaining
                0x0000000020004a60        0x4 build/heap_4.o
 .bss.xMinimumEverFreeBytesRemaining
                0x0000000020004a64        0x4 build/heap_4.o
 .bss.xNumberOfSuccessfulAllocations
                0x0000000020004a68        0x4 build/heap_4.o
 .bss.xNumberOfSuccessfulFrees
                0x0000000020004a6c        0x4 build/heap_4.o
 .bss.xStart    0x0000000020004a70        0x8 build/heap_4.o
 .bss.ucMaxSysCallPriority
                0x0000000020004a78        0x1 build/port.o
 *fill*         0x0000000020004a79        0x3 
 .bss.ulMaxPRIGROUPValue
                0x0000000020004a7c        0x4 build/port.o
 .bss.__malloc_free_list
                0x0000000020004a80        0x4 /usr/local/Cellar/gcc-arm-none-eabi/20200630/bin/../lib/gcc/arm-none-eabi/9.3.1/../../../../arm-none-eabi/lib/thumb/v7e-m+fp/hard/libc_nano.a(lib_a-nano-mallocr.o)
                0x0000000020004a80                __malloc_free_list
 .bss.__malloc_sbrk_start
                0x0000000020004a84        0x4 /usr/local/Cellar/gcc-arm-none-eabi/20200630/bin/../lib/gcc/arm-none-eabi/9.3.1/../../../../arm-none-eabi/lib/thumb/v7e-m+fp/hard/libc_nano.a(lib_a-nano-mallocr.o)
                0x0000000020004a84                __malloc_sbrk_start
 .bss.heap_end.5507
                0x0000000020004a88        0x4 /usr/local/Cellar/gcc-arm-none-eabi/20200630/bin/../lib/gcc/arm-none-eabi/9.3.1/../../../../arm-none-eabi/lib/thumb/v7e-m+fp/hard/libnosys.a(sbrk.o)
 *(COMMON)
 COMMON         0x0000000020004a8c      0x328 build/main.o
                0x0000000020004a8c                huart3
                0x0000000020004ad0                hadc2
                0x0000000020004b18                hi2c1
                0x0000000020004b6c                hiwdg
                0x0000000020004b78                acceler_store
                0x0000000020004c10                hadc1
                0x0000000020004c58                hrtc
                0x0000000020004c78                iwdgEventGroup
                0x0000000020004c7c                htim1
                0x0000000020004cc4                acceleroQueue
                0x0000000020004cc8                hspi1
                0x0000000020004d20                huart2
                0x0000000020004d64                uxBits
                0x0000000020004d68                rtcQueue
                0x0000000020004d6c                hi2s3
 COMMON         0x0000000020004db4       0x20 build/stm32f4xx_hal_flash.o
                0x0000000020004db4                pFlash
 COMMON         0x0000000020004dd4        0x4 build/stm32f4xx_hal.o
                0x0000000020004dd4                uwTick
 COMMON         0x0000000020004dd8       0x40 build/queue.o
                0x0000000020004dd8                xQueueRegistry
 COMMON         0x0000000020004e18        0x4 /usr/local/Cellar/gcc-arm-none-eabi/20200630/bin/../lib/gcc/arm-none-eabi/9.3.1/../../../../arm-none-eabi/lib/thumb/v7e-m+fp/hard/libc_nano.a(lib_a-reent.o)
                0x0000000020004e18                errno
 COMMON         0x0000000020004e1c        0x9 /usr/local/Cellar/gcc-arm-none-eabi/20200630/bin/../lib/gcc/arm-none-eabi/9.3.1/../../../../arm-none-eabi/lib/thumb/v7e-m+fp/hard/libc_nano.a(lib_a-lock.o)
                0x0000000020004e1c                __lock___atexit_recursive_mutex
                0x0000000020004e1d                __lock___arc4random_mutex
                0x0000000020004e1e                __lock___env_recursive_mutex
                0x0000000020004e1f                __lock___sinit_recursive_mutex
                0x0000000020004e20                __lock___malloc_recursive_mutex
                0x0000000020004e21                __lock___at_quick_exit_mutex
                0x0000000020004e22                __lock___dd_hash_mutex
                0x0000000020004e23                __lock___tz_mutex
                0x0000000020004e24                __lock___sfp_recursive_mutex
                0x0000000020004e28                . = ALIGN (0x4)
 *fill*         0x0000000020004e25        0x3 
                0x0000000020004e28                _ebss = .
                0x0000000020004e28                __bss_end__ = _ebss

._user_heap_stack
                0x0000000020004e28      0x600
                0x0000000020004e28                . = ALIGN (0x8)
                0x0000000020004e28                PROVIDE (end = .)
                [!provide]                        PROVIDE (_end = .)
                0x0000000020005028                . = (. + _Min_Heap_Size)
 *fill*         0x0000000020004e28      0x200 
                0x0000000020005428                . = (. + _Min_Stack_Size)
 *fill*         0x0000000020005028      0x400 
                0x0000000020005428                . = ALIGN (0x8)

/DISCARD/
 libc.a(*)
 libm.a(*)
 libgcc.a(*)

.ARM.attributes
                0x0000000000000000       0x30
 *(.ARM.attributes)
 .ARM.attributes
                0x0000000000000000       0x1e /usr/local/Cellar/gcc-arm-none-eabi/20200630/bin/../lib/gcc/arm-none-eabi/9.3.1/thumb/v7e-m+fp/hard/crti.o
 .ARM.attributes
                0x000000000000001e       0x34 /usr/local/Cellar/gcc-arm-none-eabi/20200630/bin/../lib/gcc/arm-none-eabi/9.3.1/thumb/v7e-m+fp/hard/crtbegin.o
 .ARM.attributes
                0x0000000000000052       0x34 build/main.o
 .ARM.attributes
                0x0000000000000086       0x34 build/stm32f4xx_it.o
 .ARM.attributes
                0x00000000000000ba       0x34 build/stm32f4xx_hal_msp.o
 .ARM.attributes
                0x00000000000000ee       0x34 build/stm32f4xx_hal_adc.o
 .ARM.attributes
                0x0000000000000122       0x34 build/stm32f4xx_hal_rcc.o
 .ARM.attributes
                0x0000000000000156       0x34 build/stm32f4xx_hal_rcc_ex.o
 .ARM.attributes
                0x000000000000018a       0x34 build/stm32f4xx_hal_flash.o
 .ARM.attributes
                0x00000000000001be       0x34 build/stm32f4xx_hal_flash_ex.o
 .ARM.attributes
                0x00000000000001f2       0x34 build/stm32f4xx_hal_gpio.o
 .ARM.attributes
                0x0000000000000226       0x34 build/stm32f4xx_hal_dma.o
 .ARM.attributes
                0x000000000000025a       0x34 build/stm32f4xx_hal_cortex.o
 .ARM.attributes
                0x000000000000028e       0x34 build/stm32f4xx_hal.o
 .ARM.attributes
                0x00000000000002c2       0x34 build/stm32f4xx_hal_i2c.o
 .ARM.attributes
                0x00000000000002f6       0x34 build/stm32f4xx_hal_i2s.o
 .ARM.attributes
                0x000000000000032a       0x34 build/stm32f4xx_hal_i2s_ex.o
 .ARM.attributes
                0x000000000000035e       0x34 build/stm32f4xx_hal_iwdg.o
 .ARM.attributes
                0x0000000000000392       0x34 build/stm32f4xx_hal_rtc.o
 .ARM.attributes
                0x00000000000003c6       0x34 build/stm32f4xx_hal_spi.o
 .ARM.attributes
                0x00000000000003fa       0x34 build/stm32f4xx_hal_tim.o
 .ARM.attributes
                0x000000000000042e       0x34 build/stm32f4xx_hal_tim_ex.o
 .ARM.attributes
                0x0000000000000462       0x34 build/stm32f4xx_hal_uart.o
 .ARM.attributes
                0x0000000000000496       0x34 build/stm32f4_discovery.o
 .ARM.attributes
                0x00000000000004ca       0x34 build/stm32f4_discovery_accelerometer.o
 .ARM.attributes
                0x00000000000004fe       0x34 build/lis302dl.o
 .ARM.attributes
                0x0000000000000532       0x34 build/lis3dsh.o
 .ARM.attributes
                0x0000000000000566       0x34 build/arm_rms_q15.o
 .ARM.attributes
                0x000000000000059a       0x34 build/arm_sqrt_q15.o
 .ARM.attributes
                0x00000000000005ce       0x34 build/system_stm32f4xx.o
 .ARM.attributes
                0x0000000000000602       0x34 build/event_groups.o
 .ARM.attributes
                0x0000000000000636       0x34 build/list.o
 .ARM.attributes
                0x000000000000066a       0x34 build/queue.o
 .ARM.attributes
                0x000000000000069e       0x34 build/tasks.o
 .ARM.attributes
                0x00000000000006d2       0x34 build/timers.o
 .ARM.attributes
                0x0000000000000706       0x34 build/cmsis_os2.o
 .ARM.attributes
                0x000000000000073a       0x34 build/heap_4.o
 .ARM.attributes
                0x000000000000076e       0x34 build/port.o
 .ARM.attributes
                0x00000000000007a2       0x21 build/startup_stm32f407xx.o
 .ARM.attributes
                0x00000000000007c3       0x32 /usr/local/Cellar/gcc-arm-none-eabi/20200630/bin/../lib/gcc/arm-none-eabi/9.3.1/../../../../arm-none-eabi/lib/thumb/v7e-m+fp/hard/libc_nano.a(lib_a-impure.o)
 .ARM.attributes
                0x00000000000007f5       0x34 /usr/local/Cellar/gcc-arm-none-eabi/20200630/bin/../lib/gcc/arm-none-eabi/9.3.1/../../../../arm-none-eabi/lib/thumb/v7e-m+fp/hard/libc_nano.a(lib_a-init.o)
 .ARM.attributes
                0x0000000000000829       0x34 /usr/local/Cellar/gcc-arm-none-eabi/20200630/bin/../lib/gcc/arm-none-eabi/9.3.1/../../../../arm-none-eabi/lib/thumb/v7e-m+fp/hard/libc_nano.a(lib_a-memcpy-stub.o)
 .ARM.attributes
                0x000000000000085d       0x34 /usr/local/Cellar/gcc-arm-none-eabi/20200630/bin/../lib/gcc/arm-none-eabi/9.3.1/../../../../arm-none-eabi/lib/thumb/v7e-m+fp/hard/libc_nano.a(lib_a-memset.o)
 .ARM.attributes
                0x0000000000000891       0x34 /usr/local/Cellar/gcc-arm-none-eabi/20200630/bin/../lib/gcc/arm-none-eabi/9.3.1/../../../../arm-none-eabi/lib/thumb/v7e-m+fp/hard/libc_nano.a(lib_a-sprintf.o)
 .ARM.attributes
                0x00000000000008c5       0x17 /usr/local/Cellar/gcc-arm-none-eabi/20200630/bin/../lib/gcc/arm-none-eabi/9.3.1/../../../../arm-none-eabi/lib/thumb/v7e-m+fp/hard/libc_nano.a(lib_a-strlen.o)
 .ARM.attributes
                0x00000000000008dc       0x34 /usr/local/Cellar/gcc-arm-none-eabi/20200630/bin/../lib/gcc/arm-none-eabi/9.3.1/../../../../arm-none-eabi/lib/thumb/v7e-m+fp/hard/libc_nano.a(lib_a-nano-svfprintf.o)
 .ARM.attributes
                0x0000000000000910       0x34 /usr/local/Cellar/gcc-arm-none-eabi/20200630/bin/../lib/gcc/arm-none-eabi/9.3.1/../../../../arm-none-eabi/lib/thumb/v7e-m+fp/hard/libc_nano.a(lib_a-nano-vfprintf_i.o)
 .ARM.attributes
                0x0000000000000944       0x1c /usr/local/Cellar/gcc-arm-none-eabi/20200630/bin/../lib/gcc/arm-none-eabi/9.3.1/../../../../arm-none-eabi/lib/thumb/v7e-m+fp/hard/libc_nano.a(lib_a-memchr.o)
 .ARM.attributes
                0x0000000000000960       0x34 /usr/local/Cellar/gcc-arm-none-eabi/20200630/bin/../lib/gcc/arm-none-eabi/9.3.1/../../../../arm-none-eabi/lib/thumb/v7e-m+fp/hard/libc_nano.a(lib_a-memmove.o)
 .ARM.attributes
                0x0000000000000994       0x34 /usr/local/Cellar/gcc-arm-none-eabi/20200630/bin/../lib/gcc/arm-none-eabi/9.3.1/../../../../arm-none-eabi/lib/thumb/v7e-m+fp/hard/libc_nano.a(lib_a-nano-freer.o)
 .ARM.attributes
                0x00000000000009c8       0x34 /usr/local/Cellar/gcc-arm-none-eabi/20200630/bin/../lib/gcc/arm-none-eabi/9.3.1/../../../../arm-none-eabi/lib/thumb/v7e-m+fp/hard/libc_nano.a(lib_a-nano-mallocr.o)
 .ARM.attributes
                0x00000000000009fc       0x34 /usr/local/Cellar/gcc-arm-none-eabi/20200630/bin/../lib/gcc/arm-none-eabi/9.3.1/../../../../arm-none-eabi/lib/thumb/v7e-m+fp/hard/libc_nano.a(lib_a-nano-reallocr.o)
 .ARM.attributes
                0x0000000000000a30       0x34 /usr/local/Cellar/gcc-arm-none-eabi/20200630/bin/../lib/gcc/arm-none-eabi/9.3.1/../../../../arm-none-eabi/lib/thumb/v7e-m+fp/hard/libc_nano.a(lib_a-sbrkr.o)
 .ARM.attributes
                0x0000000000000a64       0x34 /usr/local/Cellar/gcc-arm-none-eabi/20200630/bin/../lib/gcc/arm-none-eabi/9.3.1/../../../../arm-none-eabi/lib/thumb/v7e-m+fp/hard/libc_nano.a(lib_a-mlock.o)
 .ARM.attributes
                0x0000000000000a98       0x34 /usr/local/Cellar/gcc-arm-none-eabi/20200630/bin/../lib/gcc/arm-none-eabi/9.3.1/../../../../arm-none-eabi/lib/thumb/v7e-m+fp/hard/libc_nano.a(lib_a-nano-msizer.o)
 .ARM.attributes
                0x0000000000000acc       0x34 /usr/local/Cellar/gcc-arm-none-eabi/20200630/bin/../lib/gcc/arm-none-eabi/9.3.1/../../../../arm-none-eabi/lib/thumb/v7e-m+fp/hard/libc_nano.a(lib_a-reent.o)
 .ARM.attributes
                0x0000000000000b00       0x34 /usr/local/Cellar/gcc-arm-none-eabi/20200630/bin/../lib/gcc/arm-none-eabi/9.3.1/../../../../arm-none-eabi/lib/thumb/v7e-m+fp/hard/libc_nano.a(lib_a-lock.o)
 .ARM.attributes
                0x0000000000000b34       0x34 /usr/local/Cellar/gcc-arm-none-eabi/20200630/bin/../lib/gcc/arm-none-eabi/9.3.1/../../../../arm-none-eabi/lib/thumb/v7e-m+fp/hard/libnosys.a(sbrk.o)
 .ARM.attributes
                0x0000000000000b68       0x1e /usr/local/Cellar/gcc-arm-none-eabi/20200630/bin/../lib/gcc/arm-none-eabi/9.3.1/thumb/v7e-m+fp/hard/libgcc.a(_aeabi_ldivmod.o)
 .ARM.attributes
                0x0000000000000b86       0x1e /usr/local/Cellar/gcc-arm-none-eabi/20200630/bin/../lib/gcc/arm-none-eabi/9.3.1/thumb/v7e-m+fp/hard/libgcc.a(_aeabi_uldivmod.o)
 .ARM.attributes
                0x0000000000000ba4       0x34 /usr/local/Cellar/gcc-arm-none-eabi/20200630/bin/../lib/gcc/arm-none-eabi/9.3.1/thumb/v7e-m+fp/hard/libgcc.a(_udivmoddi4.o)
 .ARM.attributes
                0x0000000000000bd8       0x1e /usr/local/Cellar/gcc-arm-none-eabi/20200630/bin/../lib/gcc/arm-none-eabi/9.3.1/thumb/v7e-m+fp/hard/libgcc.a(_dvmd_tls.o)
 .ARM.attributes
                0x0000000000000bf6       0x1e /usr/local/Cellar/gcc-arm-none-eabi/20200630/bin/../lib/gcc/arm-none-eabi/9.3.1/thumb/v7e-m+fp/hard/crtn.o
OUTPUT(build/ARRC.elf elf32-littlearm)
LOAD linker stubs
LOAD /usr/local/Cellar/gcc-arm-none-eabi/20200630/bin/../lib/gcc/arm-none-eabi/9.3.1/../../../../arm-none-eabi/lib/thumb/v7e-m+fp/hard/libc.a
LOAD /usr/local/Cellar/gcc-arm-none-eabi/20200630/bin/../lib/gcc/arm-none-eabi/9.3.1/../../../../arm-none-eabi/lib/thumb/v7e-m+fp/hard/libm.a
LOAD /usr/local/Cellar/gcc-arm-none-eabi/20200630/bin/../lib/gcc/arm-none-eabi/9.3.1/thumb/v7e-m+fp/hard/libgcc.a

.debug_info     0x0000000000000000    0x3794f
 .debug_info    0x0000000000000000     0x4b4a build/main.o
 .debug_info    0x0000000000004b4a      0x879 build/stm32f4xx_it.o
 .debug_info    0x00000000000053c3     0x254d build/stm32f4xx_hal_msp.o
 .debug_info    0x0000000000007910     0x10b4 build/stm32f4xx_hal_adc.o
 .debug_info    0x00000000000089c4      0xc44 build/stm32f4xx_hal_rcc.o
 .debug_info    0x0000000000009608      0x7be build/stm32f4xx_hal_rcc_ex.o
 .debug_info    0x0000000000009dc6      0x8ab build/stm32f4xx_hal_flash.o
 .debug_info    0x000000000000a671      0x9ad build/stm32f4xx_hal_flash_ex.o
 .debug_info    0x000000000000b01e      0x92a build/stm32f4xx_hal_gpio.o
 .debug_info    0x000000000000b948      0xc8b build/stm32f4xx_hal_dma.o
 .debug_info    0x000000000000c5d3     0x123e build/stm32f4xx_hal_cortex.o
 .debug_info    0x000000000000d811      0xb5e build/stm32f4xx_hal.o
 .debug_info    0x000000000000e36f     0x3bda build/stm32f4xx_hal_i2c.o
 .debug_info    0x0000000000011f49     0x13b5 build/stm32f4xx_hal_i2s.o
 .debug_info    0x00000000000132fe      0xfe1 build/stm32f4xx_hal_i2s_ex.o
 .debug_info    0x00000000000142df      0x325 build/stm32f4xx_hal_iwdg.o
 .debug_info    0x0000000000014604     0x11fa build/stm32f4xx_hal_rtc.o
 .debug_info    0x00000000000157fe     0x20e8 build/stm32f4xx_hal_spi.o
 .debug_info    0x00000000000178e6     0x3f02 build/stm32f4xx_hal_tim.o
 .debug_info    0x000000000001b7e8     0x1cbb build/stm32f4xx_hal_tim_ex.o
 .debug_info    0x000000000001d4a3     0x1f4e build/stm32f4xx_hal_uart.o
 .debug_info    0x000000000001f3f1     0x1d94 build/stm32f4_discovery.o
 .debug_info    0x0000000000021185      0x5c4 build/stm32f4_discovery_accelerometer.o
 .debug_info    0x0000000000021749      0x8ff build/lis302dl.o
 .debug_info    0x0000000000022048      0x978 build/lis3dsh.o
 .debug_info    0x00000000000229c0      0xd2a build/arm_rms_q15.o
 .debug_info    0x00000000000236ea     0x136f build/arm_sqrt_q15.o
 .debug_info    0x0000000000024a59      0x63c build/system_stm32f4xx.o
 .debug_info    0x0000000000025095     0x19a2 build/event_groups.o
 .debug_info    0x0000000000026a37      0xca4 build/list.o
 .debug_info    0x00000000000276db     0x32e2 build/queue.o
 .debug_info    0x000000000002a9bd     0x3cb0 build/tasks.o
 .debug_info    0x000000000002e66d     0x2547 build/timers.o
 .debug_info    0x0000000000030bb4     0x5802 build/cmsis_os2.o
 .debug_info    0x00000000000363b6      0xfaf build/heap_4.o
 .debug_info    0x0000000000037365      0x5c8 build/port.o
 .debug_info    0x000000000003792d       0x22 build/startup_stm32f407xx.o

.debug_abbrev   0x0000000000000000     0x65aa
 .debug_abbrev  0x0000000000000000      0x422 build/main.o
 .debug_abbrev  0x0000000000000422      0x1ae build/stm32f4xx_it.o
 .debug_abbrev  0x00000000000005d0      0x26a build/stm32f4xx_hal_msp.o
 .debug_abbrev  0x000000000000083a      0x2be build/stm32f4xx_hal_adc.o
 .debug_abbrev  0x0000000000000af8      0x2cd build/stm32f4xx_hal_rcc.o
 .debug_abbrev  0x0000000000000dc5      0x1bb build/stm32f4xx_hal_rcc_ex.o
 .debug_abbrev  0x0000000000000f80      0x303 build/stm32f4xx_hal_flash.o
 .debug_abbrev  0x0000000000001283      0x2a2 build/stm32f4xx_hal_flash_ex.o
 .debug_abbrev  0x0000000000001525      0x258 build/stm32f4xx_hal_gpio.o
 .debug_abbrev  0x000000000000177d      0x312 build/stm32f4xx_hal_dma.o
 .debug_abbrev  0x0000000000001a8f      0x3a8 build/stm32f4xx_hal_cortex.o
 .debug_abbrev  0x0000000000001e37      0x21c build/stm32f4xx_hal.o
 .debug_abbrev  0x0000000000002053      0x31f build/stm32f4xx_hal_i2c.o
 .debug_abbrev  0x0000000000002372      0x2b3 build/stm32f4xx_hal_i2s.o
 .debug_abbrev  0x0000000000002625      0x2e1 build/stm32f4xx_hal_i2s_ex.o
 .debug_abbrev  0x0000000000002906      0x178 build/stm32f4xx_hal_iwdg.o
 .debug_abbrev  0x0000000000002a7e      0x26a build/stm32f4xx_hal_rtc.o
 .debug_abbrev  0x0000000000002ce8      0x2d2 build/stm32f4xx_hal_spi.o
 .debug_abbrev  0x0000000000002fba      0x2af build/stm32f4xx_hal_tim.o
 .debug_abbrev  0x0000000000003269      0x2ab build/stm32f4xx_hal_tim_ex.o
 .debug_abbrev  0x0000000000003514      0x318 build/stm32f4xx_hal_uart.o
 .debug_abbrev  0x000000000000382c      0x305 build/stm32f4_discovery.o
 .debug_abbrev  0x0000000000003b31      0x1dd build/stm32f4_discovery_accelerometer.o
 .debug_abbrev  0x0000000000003d0e      0x1f9 build/lis302dl.o
 .debug_abbrev  0x0000000000003f07      0x1f9 build/lis3dsh.o
 .debug_abbrev  0x0000000000004100      0x2b5 build/arm_rms_q15.o
 .debug_abbrev  0x00000000000043b5      0x23c build/arm_sqrt_q15.o
 .debug_abbrev  0x00000000000045f1      0x14a build/system_stm32f4xx.o
 .debug_abbrev  0x000000000000473b      0x3dd build/event_groups.o
 .debug_abbrev  0x0000000000004b18      0x245 build/list.o
 .debug_abbrev  0x0000000000004d5d      0x44c build/queue.o
 .debug_abbrev  0x00000000000051a9      0x464 build/tasks.o
 .debug_abbrev  0x000000000000560d      0x3de build/timers.o
 .debug_abbrev  0x00000000000059eb      0x5a2 build/cmsis_os2.o
 .debug_abbrev  0x0000000000005f8d      0x381 build/heap_4.o
 .debug_abbrev  0x000000000000630e      0x28a build/port.o
 .debug_abbrev  0x0000000000006598       0x12 build/startup_stm32f407xx.o

.debug_loc      0x0000000000000000    0x2777e
 .debug_loc     0x0000000000000000      0x80e build/main.o
 .debug_loc     0x000000000000080e       0x80 build/stm32f4xx_it.o
 .debug_loc     0x000000000000088e      0x543 build/stm32f4xx_hal_msp.o
 .debug_loc     0x0000000000000dd1      0xdcf build/stm32f4xx_hal_adc.o
 .debug_loc     0x0000000000001ba0      0x6c7 build/stm32f4xx_hal_rcc.o
 .debug_loc     0x0000000000002267      0x473 build/stm32f4xx_hal_rcc_ex.o
 .debug_loc     0x00000000000026da      0x498 build/stm32f4xx_hal_flash.o
 .debug_loc     0x0000000000002b72      0x6c3 build/stm32f4xx_hal_flash_ex.o
 .debug_loc     0x0000000000003235      0x5db build/stm32f4xx_hal_gpio.o
 .debug_loc     0x0000000000003810      0xd6d build/stm32f4xx_hal_dma.o
 .debug_loc     0x000000000000457d      0x7d4 build/stm32f4xx_hal_cortex.o
 .debug_loc     0x0000000000004d51      0x1e1 build/stm32f4xx_hal.o
 .debug_loc     0x0000000000004f32     0x4cb7 build/stm32f4xx_hal_i2c.o
 .debug_loc     0x0000000000009be9     0x1320 build/stm32f4xx_hal_i2s.o
 .debug_loc     0x000000000000af09      0xcf1 build/stm32f4xx_hal_i2s_ex.o
 .debug_loc     0x000000000000bbfa       0xb2 build/stm32f4xx_hal_iwdg.o
 .debug_loc     0x000000000000bcac      0xef8 build/stm32f4xx_hal_rtc.o
 .debug_loc     0x000000000000cba4     0x24e5 build/stm32f4xx_hal_spi.o
 .debug_loc     0x000000000000f089     0x52a7 build/stm32f4xx_hal_tim.o
 .debug_loc     0x0000000000014330     0x1f68 build/stm32f4xx_hal_tim_ex.o
 .debug_loc     0x0000000000016298     0x265b build/stm32f4xx_hal_uart.o
 .debug_loc     0x00000000000188f3      0x8e9 build/stm32f4_discovery.o
 .debug_loc     0x00000000000191dc      0x235 build/stm32f4_discovery_accelerometer.o
 .debug_loc     0x0000000000019411      0x3fb build/lis302dl.o
 .debug_loc     0x000000000001980c      0x425 build/lis3dsh.o
 .debug_loc     0x0000000000019c31      0x24f build/arm_rms_q15.o
 .debug_loc     0x0000000000019e80      0x3ee build/arm_sqrt_q15.o
 .debug_loc     0x000000000001a26e      0x16c build/system_stm32f4xx.o
 .debug_loc     0x000000000001a3da      0xd00 build/event_groups.o
 .debug_loc     0x000000000001b0da       0xe5 build/list.o
 .debug_loc     0x000000000001b1bf     0x1fdf build/queue.o
 .debug_loc     0x000000000001d19e     0x2cf6 build/tasks.o
 .debug_loc     0x000000000001fe94     0x1502 build/timers.o
 .debug_loc     0x0000000000021396     0x5d50 build/cmsis_os2.o
 .debug_loc     0x00000000000270e6      0x4d8 build/heap_4.o
 .debug_loc     0x00000000000275be      0x1c0 build/port.o

.debug_aranges  0x0000000000000000     0x20e8
 .debug_aranges
                0x0000000000000000      0x120 build/main.o
 .debug_aranges
                0x0000000000000120       0x68 build/stm32f4xx_it.o
 .debug_aranges
                0x0000000000000188       0x90 build/stm32f4xx_hal_msp.o
 .debug_aranges
                0x0000000000000218       0xe8 build/stm32f4xx_hal_adc.o
 .debug_aranges
                0x0000000000000300       0x88 build/stm32f4xx_hal_rcc.o
 .debug_aranges
                0x0000000000000388       0x48 build/stm32f4xx_hal_rcc_ex.o
 .debug_aranges
                0x00000000000003d0       0xa0 build/stm32f4xx_hal_flash.o
 .debug_aranges
                0x0000000000000470       0x98 build/stm32f4xx_hal_flash_ex.o
 .debug_aranges
                0x0000000000000508       0x58 build/stm32f4xx_hal_gpio.o
 .debug_aranges
                0x0000000000000560       0x90 build/stm32f4xx_hal_dma.o
 .debug_aranges
                0x00000000000005f0       0xa8 build/stm32f4xx_hal_cortex.o
 .debug_aranges
                0x0000000000000698       0xf0 build/stm32f4xx_hal.o
 .debug_aranges
                0x0000000000000788      0x2a0 build/stm32f4xx_hal_i2c.o
 .debug_aranges
                0x0000000000000a28      0x108 build/stm32f4xx_hal_i2s.o
 .debug_aranges
                0x0000000000000b30       0x88 build/stm32f4xx_hal_i2s_ex.o
 .debug_aranges
                0x0000000000000bb8       0x28 build/stm32f4xx_hal_iwdg.o
 .debug_aranges
                0x0000000000000be0       0xe0 build/stm32f4xx_hal_rtc.o
 .debug_aranges
                0x0000000000000cc0      0x1d0 build/stm32f4xx_hal_spi.o
 .debug_aranges
                0x0000000000000e90      0x3d0 build/stm32f4xx_hal_tim.o
 .debug_aranges
                0x0000000000001260      0x168 build/stm32f4xx_hal_tim_ex.o
 .debug_aranges
                0x00000000000013c8      0x200 build/stm32f4xx_hal_uart.o
 .debug_aranges
                0x00000000000015c8       0xd8 build/stm32f4_discovery.o
 .debug_aranges
                0x00000000000016a0       0x48 build/stm32f4_discovery_accelerometer.o
 .debug_aranges
                0x00000000000016e8       0x78 build/lis302dl.o
 .debug_aranges
                0x0000000000001760       0x68 build/lis3dsh.o
 .debug_aranges
                0x00000000000017c8       0x20 build/arm_rms_q15.o
 .debug_aranges
                0x00000000000017e8       0x20 build/arm_sqrt_q15.o
 .debug_aranges
                0x0000000000001808       0x28 build/system_stm32f4xx.o
 .debug_aranges
                0x0000000000001830       0x90 build/event_groups.o
 .debug_aranges
                0x00000000000018c0       0x40 build/list.o
 .debug_aranges
                0x0000000000001900      0x158 build/queue.o
 .debug_aranges
                0x0000000000001a58      0x208 build/tasks.o
 .debug_aranges
                0x0000000000001c60       0xf0 build/timers.o
 .debug_aranges
                0x0000000000001d50      0x298 build/cmsis_os2.o
 .debug_aranges
                0x0000000000001fe8       0x58 build/heap_4.o
 .debug_aranges
                0x0000000000002040       0x80 build/port.o
 .debug_aranges
                0x00000000000020c0       0x28 build/startup_stm32f407xx.o

.debug_ranges   0x0000000000000000     0x21f0
 .debug_ranges  0x0000000000000000      0x110 build/main.o
 .debug_ranges  0x0000000000000110       0x58 build/stm32f4xx_it.o
 .debug_ranges  0x0000000000000168       0x80 build/stm32f4xx_hal_msp.o
 .debug_ranges  0x00000000000001e8       0xd8 build/stm32f4xx_hal_adc.o
 .debug_ranges  0x00000000000002c0       0x90 build/stm32f4xx_hal_rcc.o
 .debug_ranges  0x0000000000000350       0x38 build/stm32f4xx_hal_rcc_ex.o
 .debug_ranges  0x0000000000000388       0x90 build/stm32f4xx_hal_flash.o
 .debug_ranges  0x0000000000000418       0x88 build/stm32f4xx_hal_flash_ex.o
 .debug_ranges  0x00000000000004a0       0x48 build/stm32f4xx_hal_gpio.o
 .debug_ranges  0x00000000000004e8       0x80 build/stm32f4xx_hal_dma.o
 .debug_ranges  0x0000000000000568       0xf8 build/stm32f4xx_hal_cortex.o
 .debug_ranges  0x0000000000000660       0xe0 build/stm32f4xx_hal.o
 .debug_ranges  0x0000000000000740      0x2a8 build/stm32f4xx_hal_i2c.o
 .debug_ranges  0x00000000000009e8      0x128 build/stm32f4xx_hal_i2s.o
 .debug_ranges  0x0000000000000b10       0x90 build/stm32f4xx_hal_i2s_ex.o
 .debug_ranges  0x0000000000000ba0       0x18 build/stm32f4xx_hal_iwdg.o
 .debug_ranges  0x0000000000000bb8       0xd0 build/stm32f4xx_hal_rtc.o
 .debug_ranges  0x0000000000000c88      0x1c0 build/stm32f4xx_hal_spi.o
 .debug_ranges  0x0000000000000e48      0x3c0 build/stm32f4xx_hal_tim.o
 .debug_ranges  0x0000000000001208      0x158 build/stm32f4xx_hal_tim_ex.o
 .debug_ranges  0x0000000000001360      0x1f0 build/stm32f4xx_hal_uart.o
 .debug_ranges  0x0000000000001550       0xc8 build/stm32f4_discovery.o
 .debug_ranges  0x0000000000001618       0x38 build/stm32f4_discovery_accelerometer.o
 .debug_ranges  0x0000000000001650       0x68 build/lis302dl.o
 .debug_ranges  0x00000000000016b8       0x58 build/lis3dsh.o
 .debug_ranges  0x0000000000001710       0x10 build/arm_rms_q15.o
 .debug_ranges  0x0000000000001720       0x10 build/arm_sqrt_q15.o
 .debug_ranges  0x0000000000001730       0x18 build/system_stm32f4xx.o
 .debug_ranges  0x0000000000001748       0xb8 build/event_groups.o
 .debug_ranges  0x0000000000001800       0x30 build/list.o
 .debug_ranges  0x0000000000001830      0x218 build/queue.o
 .debug_ranges  0x0000000000001a48      0x338 build/tasks.o
 .debug_ranges  0x0000000000001d80       0xe0 build/timers.o
 .debug_ranges  0x0000000000001e60      0x2a0 build/cmsis_os2.o